Archive member included to satisfy reference by file (symbol)

c:/ac6/systemworkbench/plugins/fr.ac6.mcu.externaltools.arm-none.win32_1.15.0.201708311556/tools/compiler/bin/../lib/gcc/arm-none-eabi/6.3.1/thumb/v7e-m/fpv4-sp/hard\libgcc.a(_arm_addsubdf3.o)
                              Src/main.o (__aeabi_f2d)
c:/ac6/systemworkbench/plugins/fr.ac6.mcu.externaltools.arm-none.win32_1.15.0.201708311556/tools/compiler/bin/../lib/gcc/arm-none-eabi/6.3.1/thumb/v7e-m/fpv4-sp/hard\libgcc.a(_arm_muldivdf3.o)
                              Src/main.o (__aeabi_dmul)
c:/ac6/systemworkbench/plugins/fr.ac6.mcu.externaltools.arm-none.win32_1.15.0.201708311556/tools/compiler/bin/../lib/gcc/arm-none-eabi/6.3.1/thumb/v7e-m/fpv4-sp/hard\libgcc.a(_arm_truncdfsf2.o)
                              Src/main.o (__aeabi_d2f)
c:/ac6/systemworkbench/plugins/fr.ac6.mcu.externaltools.arm-none.win32_1.15.0.201708311556/tools/compiler/bin/../lib/gcc/arm-none-eabi/6.3.1/../../../../arm-none-eabi/lib/thumb/v7e-m/fpv4-sp/hard\libc_nano.a(lib_a-exit.o)
                              c:/ac6/systemworkbench/plugins/fr.ac6.mcu.externaltools.arm-none.win32_1.15.0.201708311556/tools/compiler/bin/../lib/gcc/arm-none-eabi/6.3.1/../../../../arm-none-eabi/lib/thumb/v7e-m/fpv4-sp/hard/crt0.o (exit)
c:/ac6/systemworkbench/plugins/fr.ac6.mcu.externaltools.arm-none.win32_1.15.0.201708311556/tools/compiler/bin/../lib/gcc/arm-none-eabi/6.3.1/../../../../arm-none-eabi/lib/thumb/v7e-m/fpv4-sp/hard\libc_nano.a(lib_a-impure.o)
                              c:/ac6/systemworkbench/plugins/fr.ac6.mcu.externaltools.arm-none.win32_1.15.0.201708311556/tools/compiler/bin/../lib/gcc/arm-none-eabi/6.3.1/../../../../arm-none-eabi/lib/thumb/v7e-m/fpv4-sp/hard\libc_nano.a(lib_a-exit.o) (_global_impure_ptr)
c:/ac6/systemworkbench/plugins/fr.ac6.mcu.externaltools.arm-none.win32_1.15.0.201708311556/tools/compiler/bin/../lib/gcc/arm-none-eabi/6.3.1/../../../../arm-none-eabi/lib/thumb/v7e-m/fpv4-sp/hard\libc_nano.a(lib_a-init.o)
                              c:/ac6/systemworkbench/plugins/fr.ac6.mcu.externaltools.arm-none.win32_1.15.0.201708311556/tools/compiler/bin/../lib/gcc/arm-none-eabi/6.3.1/../../../../arm-none-eabi/lib/thumb/v7e-m/fpv4-sp/hard/crt0.o (__libc_init_array)
c:/ac6/systemworkbench/plugins/fr.ac6.mcu.externaltools.arm-none.win32_1.15.0.201708311556/tools/compiler/bin/../lib/gcc/arm-none-eabi/6.3.1/../../../../arm-none-eabi/lib/thumb/v7e-m/fpv4-sp/hard\libc_nano.a(lib_a-memcpy-stub.o)
                              Src/usb_device.o (memcpy)
c:/ac6/systemworkbench/plugins/fr.ac6.mcu.externaltools.arm-none.win32_1.15.0.201708311556/tools/compiler/bin/../lib/gcc/arm-none-eabi/6.3.1/../../../../arm-none-eabi/lib/thumb/v7e-m/fpv4-sp/hard\libc_nano.a(lib_a-memset.o)
                              c:/ac6/systemworkbench/plugins/fr.ac6.mcu.externaltools.arm-none.win32_1.15.0.201708311556/tools/compiler/bin/../lib/gcc/arm-none-eabi/6.3.1/../../../../arm-none-eabi/lib/thumb/v7e-m/fpv4-sp/hard/crt0.o (memset)
c:/ac6/systemworkbench/plugins/fr.ac6.mcu.externaltools.arm-none.win32_1.15.0.201708311556/tools/compiler/bin/../lib/gcc/arm-none-eabi/6.3.1/../../../../arm-none-eabi/lib/thumb/v7e-m/fpv4-sp/hard\libnosys.a(_exit.o)
                              c:/ac6/systemworkbench/plugins/fr.ac6.mcu.externaltools.arm-none.win32_1.15.0.201708311556/tools/compiler/bin/../lib/gcc/arm-none-eabi/6.3.1/../../../../arm-none-eabi/lib/thumb/v7e-m/fpv4-sp/hard\libc_nano.a(lib_a-exit.o) (_exit)

Allocating common symbols
Common symbol       size              file

lcd_page            0x1               Src/SH1106.o
hUsbDeviceFS        0x224             Src/usb_device.o
hi2c1               0x4c              Src/main.o
htim15              0x3c              Src/main.o
uwTick              0x4               Drivers/STM32L4xx_HAL_Driver/Src/stm32l4xx_hal.o
pFlash              0x20              Drivers/STM32L4xx_HAL_Driver/Src/stm32l4xx_hal_flash.o
UserRxBufferFS      0x40              Src/usbd_cdc_if.o
hspi3               0x64              Src/main.o
hadc1               0x68              Src/main.o
UserTxBufferFS      0x40              Src/usbd_cdc_if.o
RxBuffer            0x80              Src/usb.o
htim6               0x3c              Src/main.o
hspi1               0x64              Src/main.o
htim2               0x3c              Src/main.o
wotch1              0x44c             Src/main.o
hpcd_USB_FS         0x434             Src/usbd_conf.o
USBD_StrDesc        0x200             Src/usbd_desc.o
hdma_spi1_tx        0x48              Src/main.o
adc_tmp1            0x2               Src/main.o

Discarded input sections

 .text          0x00000000        0x0 c:/ac6/systemworkbench/plugins/fr.ac6.mcu.externaltools.arm-none.win32_1.15.0.201708311556/tools/compiler/bin/../lib/gcc/arm-none-eabi/6.3.1/thumb/v7e-m/fpv4-sp/hard/crti.o
[...]
Memory Configuration

Name             Origin             Length             Attributes
RAM              0x20000000         0x0000c000         xrw
RAM2             0x10000000         0x00004000         xrw
FLASH            0x08000000         0x00040000         xr
*default*        0x00000000         0xffffffff

Linker script and memory map

LOAD c:/ac6/systemworkbench/plugins/fr.ac6.mcu.externaltools.arm-none.win32_1.15.0.201708311556/tools/compiler/bin/../lib/gcc/arm-none-eabi/6.3.1/thumb/v7e-m/fpv4-sp/hard/crti.o
LOAD c:/ac6/systemworkbench/plugins/fr.ac6.mcu.externaltools.arm-none.win32_1.15.0.201708311556/tools/compiler/bin/../lib/gcc/arm-none-eabi/6.3.1/thumb/v7e-m/fpv4-sp/hard/crtbegin.o
LOAD c:/ac6/systemworkbench/plugins/fr.ac6.mcu.externaltools.arm-none.win32_1.15.0.201708311556/tools/compiler/bin/../lib/gcc/arm-none-eabi/6.3.1/../../../../arm-none-eabi/lib/thumb/v7e-m/fpv4-sp/hard/crt0.o
LOAD Drivers/CMSIS/Device/ST/STM32L4xx/Source/Templates/gcc/startup_stm32l433xx.o
LOAD Drivers/STM32L4xx_HAL_Driver/Src/stm32l4xx_hal.o
LOAD Drivers/STM32L4xx_HAL_Driver/Src/stm32l4xx_hal_adc.o
LOAD Drivers/STM32L4xx_HAL_Driver/Src/stm32l4xx_hal_adc_ex.o
LOAD Drivers/STM32L4xx_HAL_Driver/Src/stm32l4xx_hal_cortex.o
LOAD Drivers/STM32L4xx_HAL_Driver/Src/stm32l4xx_hal_dma.o
LOAD Drivers/STM32L4xx_HAL_Driver/Src/stm32l4xx_hal_flash.o
LOAD Drivers/STM32L4xx_HAL_Driver/Src/stm32l4xx_hal_flash_ex.o
LOAD Drivers/STM32L4xx_HAL_Driver/Src/stm32l4xx_hal_flash_ramfunc.o
LOAD Drivers/STM32L4xx_HAL_Driver/Src/stm32l4xx_hal_gpio.o
LOAD Drivers/STM32L4xx_HAL_Driver/Src/stm32l4xx_hal_i2c.o
LOAD Drivers/STM32L4xx_HAL_Driver/Src/stm32l4xx_hal_i2c_ex.o
LOAD Drivers/STM32L4xx_HAL_Driver/Src/stm32l4xx_hal_pcd.o
LOAD Drivers/STM32L4xx_HAL_Driver/Src/stm32l4xx_hal_pcd_ex.o
LOAD Drivers/STM32L4xx_HAL_Driver/Src/stm32l4xx_hal_pwr.o
LOAD Drivers/STM32L4xx_HAL_Driver/Src/stm32l4xx_hal_pwr_ex.o
LOAD Drivers/STM32L4xx_HAL_Driver/Src/stm32l4xx_hal_rcc.o
LOAD Drivers/STM32L4xx_HAL_Driver/Src/stm32l4xx_hal_rcc_ex.o
LOAD Drivers/STM32L4xx_HAL_Driver/Src/stm32l4xx_hal_spi.o
LOAD Drivers/STM32L4xx_HAL_Driver/Src/stm32l4xx_hal_spi_ex.o
LOAD Drivers/STM32L4xx_HAL_Driver/Src/stm32l4xx_hal_tim.o
LOAD Drivers/STM32L4xx_HAL_Driver/Src/stm32l4xx_hal_tim_ex.o
LOAD Drivers/STM32L4xx_HAL_Driver/Src/stm32l4xx_ll_usb.o
LOAD Middlewares/ST/STM32_USB_Device_Library/Class/CDC/Src/usbd_cdc.o
LOAD Middlewares/ST/STM32_USB_Device_Library/Core/Src/usbd_core.o
LOAD Middlewares/ST/STM32_USB_Device_Library/Core/Src/usbd_ctlreq.o
LOAD Middlewares/ST/STM32_USB_Device_Library/Core/Src/usbd_ioreq.o
LOAD Src/SH1106.o
LOAD Src/kx023.o
LOAD Src/lcd.o
LOAD Src/m41t62.o
LOAD Src/main.o
LOAD Src/menu.o
LOAD Src/stm32l4xx_hal_msp.o
LOAD Src/stm32l4xx_it.o
LOAD Src/system_stm32l4xx.o
LOAD Src/usb.o
LOAD Src/usb_device.o
LOAD Src/usbd_cdc_if.o
LOAD Src/usbd_conf.o
LOAD Src/usbd_desc.o
LOAD Src/wotch.o
LOAD c:/ac6/systemworkbench/plugins/fr.ac6.mcu.externaltools.arm-none.win32_1.15.0.201708311556/tools/compiler/bin/../lib/gcc/arm-none-eabi/6.3.1/../../../../arm-none-eabi/lib/thumb/v7e-m/fpv4-sp/hard\libm.a
START GROUP
LOAD c:/ac6/systemworkbench/plugins/fr.ac6.mcu.externaltools.arm-none.win32_1.15.0.201708311556/tools/compiler/bin/../lib/gcc/arm-none-eabi/6.3.1/thumb/v7e-m/fpv4-sp/hard\libgcc.a
LOAD c:/ac6/systemworkbench/plugins/fr.ac6.mcu.externaltools.arm-none.win32_1.15.0.201708311556/tools/compiler/bin/../lib/gcc/arm-none-eabi/6.3.1/../../../../arm-none-eabi/lib/thumb/v7e-m/fpv4-sp/hard\libc_nano.a
END GROUP
START GROUP
LOAD c:/ac6/systemworkbench/plugins/fr.ac6.mcu.externaltools.arm-none.win32_1.15.0.201708311556/tools/compiler/bin/../lib/gcc/arm-none-eabi/6.3.1/thumb/v7e-m/fpv4-sp/hard\libgcc.a
LOAD c:/ac6/systemworkbench/plugins/fr.ac6.mcu.externaltools.arm-none.win32_1.15.0.201708311556/tools/compiler/bin/../lib/gcc/arm-none-eabi/6.3.1/../../../../arm-none-eabi/lib/thumb/v7e-m/fpv4-sp/hard\libc_nano.a
LOAD c:/ac6/systemworkbench/plugins/fr.ac6.mcu.externaltools.arm-none.win32_1.15.0.201708311556/tools/compiler/bin/../lib/gcc/arm-none-eabi/6.3.1/../../../../arm-none-eabi/lib/thumb/v7e-m/fpv4-sp/hard\libnosys.a
END GROUP
START GROUP
LOAD c:/ac6/systemworkbench/plugins/fr.ac6.mcu.externaltools.arm-none.win32_1.15.0.201708311556/tools/compiler/bin/../lib/gcc/arm-none-eabi/6.3.1/thumb/v7e-m/fpv4-sp/hard\libgcc.a
LOAD c:/ac6/systemworkbench/plugins/fr.ac6.mcu.externaltools.arm-none.win32_1.15.0.201708311556/tools/compiler/bin/../lib/gcc/arm-none-eabi/6.3.1/../../../../arm-none-eabi/lib/thumb/v7e-m/fpv4-sp/hard\libc_nano.a
LOAD c:/ac6/systemworkbench/plugins/fr.ac6.mcu.externaltools.arm-none.win32_1.15.0.201708311556/tools/compiler/bin/../lib/gcc/arm-none-eabi/6.3.1/../../../../arm-none-eabi/lib/thumb/v7e-m/fpv4-sp/hard\libnosys.a
END GROUP
LOAD c:/ac6/systemworkbench/plugins/fr.ac6.mcu.externaltools.arm-none.win32_1.15.0.201708311556/tools/compiler/bin/../lib/gcc/arm-none-eabi/6.3.1/thumb/v7e-m/fpv4-sp/hard/crtend.o
LOAD c:/ac6/systemworkbench/plugins/fr.ac6.mcu.externaltools.arm-none.win32_1.15.0.201708311556/tools/compiler/bin/../lib/gcc/arm-none-eabi/6.3.1/thumb/v7e-m/fpv4-sp/hard/crtn.o
                0x2000c000                _estack = 0x2000c000
                0x00000400                _Min_Heap_Size = 0x400
                0x00000400                _Min_Stack_Size = 0x400

.isr_vector     0x08000000      0x190
                0x08000000                . = ALIGN (0x8)
 *(.isr_vector)
 .isr_vector    0x08000000      0x18c Drivers/CMSIS/Device/ST/STM32L4xx/Source/Templates/gcc/startup_stm32l433xx.o
                0x08000000                g_pfnVectors
                0x08000190                . = ALIGN (0x8)
 *fill*         0x0800018c        0x4 

.text           0x08000190     0xbee8
                0x08000190                . = ALIGN (0x8)
 *(.text)
 .text          0x08000190       0x6c c:/ac6/systemworkbench/plugins/fr.ac6.mcu.externaltools.arm-none.win32_1.15.0.201708311556/tools/compiler/bin/../lib/gcc/arm-none-eabi/6.3.1/thumb/v7e-m/fpv4-sp/hard/crtbegin.o
 .text          0x080001fc      0x370 c:/ac6/systemworkbench/plugins/fr.ac6.mcu.externaltools.arm-none.win32_1.15.0.201708311556/tools/compiler/bin/../lib/gcc/arm-none-eabi/6.3.1/thumb/v7e-m/fpv4-sp/hard\libgcc.a(_arm_addsubdf3.o)
                0x080001fc                __aeabi_drsub
                0x08000204                __aeabi_dsub
                0x08000204                __subdf3
                0x08000208                __aeabi_dadd
                0x08000208                __adddf3
                0x08000480                __floatunsidf
                0x08000480                __aeabi_ui2d
                0x080004a0                __floatsidf
                0x080004a0                __aeabi_i2d
                0x080004c4                __aeabi_f2d
                0x080004c4                __extendsfdf2
                0x08000500                __floatundidf
                0x08000500                __aeabi_ul2d
                0x08000510                __floatdidf
                0x08000510                __aeabi_l2d
 .text          0x0800056c      0x424 c:/ac6/systemworkbench/plugins/fr.ac6.mcu.externaltools.arm-none.win32_1.15.0.201708311556/tools/compiler/bin/../lib/gcc/arm-none-eabi/6.3.1/thumb/v7e-m/fpv4-sp/hard\libgcc.a(_arm_muldivdf3.o)
                0x0800056c                __aeabi_dmul
                0x0800056c                __muldf3
                0x080007c0                __divdf3
                0x080007c0                __aeabi_ddiv
 .text          0x08000990       0xa0 c:/ac6/systemworkbench/plugins/fr.ac6.mcu.externaltools.arm-none.win32_1.15.0.201708311556/tools/compiler/bin/../lib/gcc/arm-none-eabi/6.3.1/thumb/v7e-m/fpv4-sp/hard\libgcc.a(_arm_truncdfsf2.o)
                0x08000990                __truncdfsf2
                0x08000990                __aeabi_d2f
 *(.text*)
 .text.Reset_Handler
                0x08000a30       0x50 Drivers/CMSIS/Device/ST/STM32L4xx/Source/Templates/gcc/startup_stm32l433xx.o
                0x08000a30                Reset_Handler
 .text.Default_Handler
                0x08000a80        0x2 Drivers/CMSIS/Device/ST/STM32L4xx/Source/Templates/gcc/startup_stm32l433xx.o
                0x08000a80                RTC_Alarm_IRQHandler
                0x08000a80                EXTI2_IRQHandler
                0x08000a80                TIM1_CC_IRQHandler
                0x08000a80                TSC_IRQHandler
                0x08000a80                TAMP_STAMP_IRQHandler
                0x08000a80                LPTIM2_IRQHandler
                0x08000a80                I2C3_ER_IRQHandler
                0x08000a80                I2C2_EV_IRQHandler
                0x08000a80                CAN1_RX0_IRQHandler
                0x08000a80                FPU_IRQHandler
                0x08000a80                TIM1_UP_TIM16_IRQHandler
                0x08000a80                SPI1_IRQHandler
                0x08000a80                DMA2_Channel2_IRQHandler
                0x08000a80                DMA1_Channel4_IRQHandler
                0x08000a80                ADC1_IRQHandler
                0x08000a80                USART3_IRQHandler
                0x08000a80                DMA1_Channel7_IRQHandler
                0x08000a80                CAN1_RX1_IRQHandler
                0x08000a80                LCD_IRQHandler
                0x08000a80                DMA2_Channel1_IRQHandler
                0x08000a80                QUADSPI_IRQHandler
                0x08000a80                I2C1_EV_IRQHandler
                0x08000a80                DMA1_Channel6_IRQHandler
                0x08000a80                DMA2_Channel4_IRQHandler
                0x08000a80                RCC_IRQHandler
                0x08000a80                TIM1_TRG_COM_IRQHandler
                0x08000a80                DMA1_Channel1_IRQHandler
                0x08000a80                Default_Handler
                0x08000a80                DMA2_Channel7_IRQHandler
                0x08000a80                TIM7_IRQHandler
                0x08000a80                SDMMC1_IRQHandler
                0x08000a80                I2C3_EV_IRQHandler
                0x08000a80                RTC_WKUP_IRQHandler
                0x08000a80                PVD_PVM_IRQHandler
                0x08000a80                SPI2_IRQHandler
                0x08000a80                CAN1_TX_IRQHandler
                0x08000a80                DMA2_Channel5_IRQHandler
                0x08000a80                CRS_IRQHandler
                0x08000a80                DMA1_Channel5_IRQHandler
                0x08000a80                EXTI4_IRQHandler
                0x08000a80                RNG_IRQHandler
                0x08000a80                COMP_IRQHandler
                0x08000a80                WWDG_IRQHandler
                0x08000a80                LPUART1_IRQHandler
                0x08000a80                DMA2_Channel6_IRQHandler
                0x08000a80                TIM2_IRQHandler
                0x08000a80                EXTI1_IRQHandler
                0x08000a80                USART2_IRQHandler
                0x08000a80                I2C2_ER_IRQHandler
                0x08000a80                DMA1_Channel2_IRQHandler
                0x08000a80                CAN1_SCE_IRQHandler
                0x08000a80                FLASH_IRQHandler
                0x08000a80                USART1_IRQHandler
                0x08000a80                SPI3_IRQHandler
                0x08000a80                I2C1_ER_IRQHandler
                0x08000a80                SWPMI1_IRQHandler
                0x08000a80                LPTIM1_IRQHandler
                0x08000a80                SAI1_IRQHandler
                0x08000a80                DMA2_Channel3_IRQHandler
                0x08000a80                TIM1_BRK_TIM15_IRQHandler
 .text.HAL_Init
                0x08000a82       0x1a Drivers/STM32L4xx_HAL_Driver/Src/stm32l4xx_hal.o
                0x08000a82                HAL_Init
 .text.HAL_InitTick
                0x08000a9c       0x38 Drivers/STM32L4xx_HAL_Driver/Src/stm32l4xx_hal.o
                0x08000a9c                HAL_InitTick
 .text.HAL_IncTick
                0x08000ad4       0x1c Drivers/STM32L4xx_HAL_Driver/Src/stm32l4xx_hal.o
                0x08000ad4                HAL_IncTick
 .text.HAL_GetTick
                0x08000af0       0x18 Drivers/STM32L4xx_HAL_Driver/Src/stm32l4xx_hal.o
                0x08000af0                HAL_GetTick
 .text.HAL_Delay
                0x08000b08       0x2c Drivers/STM32L4xx_HAL_Driver/Src/stm32l4xx_hal.o
                0x08000b08                HAL_Delay
 .text.HAL_SuspendTick
                0x08000b34       0x20 Drivers/STM32L4xx_HAL_Driver/Src/stm32l4xx_hal.o
                0x08000b34                HAL_SuspendTick
 .text.HAL_ResumeTick
                0x08000b54       0x20 Drivers/STM32L4xx_HAL_Driver/Src/stm32l4xx_hal.o
                0x08000b54                HAL_ResumeTick
 .text.HAL_ADC_Init
                0x08000b74      0x304 Drivers/STM32L4xx_HAL_Driver/Src/stm32l4xx_hal_adc.o
                0x08000b74                HAL_ADC_Init
 .text.HAL_ADC_DeInit
                0x08000e78      0x24c Drivers/STM32L4xx_HAL_Driver/Src/stm32l4xx_hal_adc.o
                0x08000e78                HAL_ADC_DeInit
 .text.HAL_ADC_Start
                0x080010c4       0xda Drivers/STM32L4xx_HAL_Driver/Src/stm32l4xx_hal_adc.o
                0x080010c4                HAL_ADC_Start
 .text.HAL_ADC_PollForConversion
                0x0800119e      0x12a Drivers/STM32L4xx_HAL_Driver/Src/stm32l4xx_hal_adc.o
                0x0800119e                HAL_ADC_PollForConversion
 .text.HAL_ADC_GetValue
                0x080012c8       0x1a Drivers/STM32L4xx_HAL_Driver/Src/stm32l4xx_hal_adc.o
                0x080012c8                HAL_ADC_GetValue
 *fill*         0x080012e2        0x2 
 .text.HAL_ADC_ConfigChannel
                0x080012e4      0x778 Drivers/STM32L4xx_HAL_Driver/Src/stm32l4xx_hal_adc.o
                0x080012e4                HAL_ADC_ConfigChannel
 .text.ADC_ConversionStop
                0x08001a5c      0x15c Drivers/STM32L4xx_HAL_Driver/Src/stm32l4xx_hal_adc.o
                0x08001a5c                ADC_ConversionStop
 .text.ADC_Enable
                0x08001bb8       0xcc Drivers/STM32L4xx_HAL_Driver/Src/stm32l4xx_hal_adc.o
                0x08001bb8                ADC_Enable
 .text.ADC_Disable
                0x08001c84       0xbe Drivers/STM32L4xx_HAL_Driver/Src/stm32l4xx_hal_adc.o
                0x08001c84                ADC_Disable
 .text.HAL_ADCEx_Calibration_Start
                0x08001d42       0xdc Drivers/STM32L4xx_HAL_Driver/Src/stm32l4xx_hal_adc_ex.o
                0x08001d42                HAL_ADCEx_Calibration_Start
 *fill*         0x08001e1e        0x2 
 .text.NVIC_SetPriorityGrouping
                0x08001e20       0x48 Drivers/STM32L4xx_HAL_Driver/Src/stm32l4xx_hal_cortex.o
 .text.NVIC_GetPriorityGrouping
                0x08001e68       0x1c Drivers/STM32L4xx_HAL_Driver/Src/stm32l4xx_hal_cortex.o
 .text.NVIC_EnableIRQ
                0x08001e84       0x34 Drivers/STM32L4xx_HAL_Driver/Src/stm32l4xx_hal_cortex.o
 .text.NVIC_SetPriority
                0x08001eb8       0x54 Drivers/STM32L4xx_HAL_Driver/Src/stm32l4xx_hal_cortex.o
 .text.NVIC_EncodePriority
                0x08001f0c       0x62 Drivers/STM32L4xx_HAL_Driver/Src/stm32l4xx_hal_cortex.o
 *fill*         0x08001f6e        0x2 
 .text.SysTick_Config
                0x08001f70       0x44 Drivers/STM32L4xx_HAL_Driver/Src/stm32l4xx_hal_cortex.o
 .text.HAL_NVIC_SetPriorityGrouping
                0x08001fb4       0x16 Drivers/STM32L4xx_HAL_Driver/Src/stm32l4xx_hal_cortex.o
                0x08001fb4                HAL_NVIC_SetPriorityGrouping
 .text.HAL_NVIC_SetPriority
                0x08001fca       0x38 Drivers/STM32L4xx_HAL_Driver/Src/stm32l4xx_hal_cortex.o
                0x08001fca                HAL_NVIC_SetPriority
 .text.HAL_NVIC_EnableIRQ
                0x08002002       0x1c Drivers/STM32L4xx_HAL_Driver/Src/stm32l4xx_hal_cortex.o
                0x08002002                HAL_NVIC_EnableIRQ
 .text.HAL_SYSTICK_Config
                0x0800201e       0x18 Drivers/STM32L4xx_HAL_Driver/Src/stm32l4xx_hal_cortex.o
                0x0800201e                HAL_SYSTICK_Config
 *fill*         0x08002036        0x2 
 .text.HAL_SYSTICK_CLKSourceConfig
                0x08002038       0x38 Drivers/STM32L4xx_HAL_Driver/Src/stm32l4xx_hal_cortex.o
                0x08002038                HAL_SYSTICK_CLKSourceConfig
 .text.HAL_SYSTICK_IRQHandler
                0x08002070        0xc Drivers/STM32L4xx_HAL_Driver/Src/stm32l4xx_hal_cortex.o
                0x08002070                HAL_SYSTICK_IRQHandler
 .text.HAL_DMA_Init
                0x0800207c      0x17c Drivers/STM32L4xx_HAL_Driver/Src/stm32l4xx_hal_dma.o
                0x0800207c                HAL_DMA_Init
 .text.HAL_DMA_Start_IT
                0x080021f8       0xc0 Drivers/STM32L4xx_HAL_Driver/Src/stm32l4xx_hal_dma.o
                0x080021f8                HAL_DMA_Start_IT
 .text.HAL_DMA_IRQHandler
                0x080022b8      0x146 Drivers/STM32L4xx_HAL_Driver/Src/stm32l4xx_hal_dma.o
                0x080022b8                HAL_DMA_IRQHandler
 .text.DMA_SetConfig
                0x080023fe       0x5c Drivers/STM32L4xx_HAL_Driver/Src/stm32l4xx_hal_dma.o
 *fill*         0x0800245a        0x2 
 .text.HAL_GPIO_Init
                0x0800245c      0x2fc Drivers/STM32L4xx_HAL_Driver/Src/stm32l4xx_hal_gpio.o
                0x0800245c                HAL_GPIO_Init
 .text.HAL_GPIO_DeInit
                0x08002758      0x1bc Drivers/STM32L4xx_HAL_Driver/Src/stm32l4xx_hal_gpio.o
                0x08002758                HAL_GPIO_DeInit
 .text.HAL_GPIO_WritePin
                0x08002914       0x30 Drivers/STM32L4xx_HAL_Driver/Src/stm32l4xx_hal_gpio.o
                0x08002914                HAL_GPIO_WritePin
 .text.HAL_GPIO_EXTI_IRQHandler
                0x08002944       0x30 Drivers/STM32L4xx_HAL_Driver/Src/stm32l4xx_hal_gpio.o
                0x08002944                HAL_GPIO_EXTI_IRQHandler
 .text.HAL_I2C_Init
                0x08002974      0x11c Drivers/STM32L4xx_HAL_Driver/Src/stm32l4xx_hal_i2c.o
                0x08002974                HAL_I2C_Init
 .text.HAL_I2C_DeInit
                0x08002a90       0x5e Drivers/STM32L4xx_HAL_Driver/Src/stm32l4xx_hal_i2c.o
                0x08002a90                HAL_I2C_DeInit
 *fill*         0x08002aee        0x2 
 .text.HAL_I2C_Master_Transmit
                0x08002af0      0x200 Drivers/STM32L4xx_HAL_Driver/Src/stm32l4xx_hal_i2c.o
                0x08002af0                HAL_I2C_Master_Transmit
 .text.HAL_I2C_Master_Receive
                0x08002cf0      0x204 Drivers/STM32L4xx_HAL_Driver/Src/stm32l4xx_hal_i2c.o
                0x08002cf0                HAL_I2C_Master_Receive
 .text.I2C_Flush_TXDR
                0x08002ef4       0x48 Drivers/STM32L4xx_HAL_Driver/Src/stm32l4xx_hal_i2c.o
 .text.I2C_WaitOnFlagUntilTimeout
                0x08002f3c       0x74 Drivers/STM32L4xx_HAL_Driver/Src/stm32l4xx_hal_i2c.o
 .text.I2C_WaitOnTXISFlagUntilTimeout
                0x08002fb0       0x80 Drivers/STM32L4xx_HAL_Driver/Src/stm32l4xx_hal_i2c.o
 .text.I2C_WaitOnSTOPFlagUntilTimeout
                0x08003030       0x78 Drivers/STM32L4xx_HAL_Driver/Src/stm32l4xx_hal_i2c.o
 .text.I2C_WaitOnRXNEFlagUntilTimeout
                0x080030a8       0xbc Drivers/STM32L4xx_HAL_Driver/Src/stm32l4xx_hal_i2c.o
 .text.I2C_IsAcknowledgeFailed
                0x08003164       0xbc Drivers/STM32L4xx_HAL_Driver/Src/stm32l4xx_hal_i2c.o
 .text.I2C_TransferConfig
                0x08003220       0x5c Drivers/STM32L4xx_HAL_Driver/Src/stm32l4xx_hal_i2c.o
 .text.HAL_I2CEx_ConfigAnalogFilter
                0x0800327c       0x96 Drivers/STM32L4xx_HAL_Driver/Src/stm32l4xx_hal_i2c_ex.o
                0x0800327c                HAL_I2CEx_ConfigAnalogFilter
 .text.HAL_PCD_IRQHandler
                0x08003312      0x2fe Drivers/STM32L4xx_HAL_Driver/Src/stm32l4xx_hal_pcd.o
                0x08003312                HAL_PCD_IRQHandler
 .text.HAL_PCD_SetAddress
                0x08003610       0x4a Drivers/STM32L4xx_HAL_Driver/Src/stm32l4xx_hal_pcd.o
                0x08003610                HAL_PCD_SetAddress
 .text.HAL_PCD_EP_Open
                0x0800365a       0xae Drivers/STM32L4xx_HAL_Driver/Src/stm32l4xx_hal_pcd.o
                0x0800365a                HAL_PCD_EP_Open
 .text.HAL_PCD_EP_Receive
                0x08003708       0xa4 Drivers/STM32L4xx_HAL_Driver/Src/stm32l4xx_hal_pcd.o
                0x08003708                HAL_PCD_EP_Receive
 .text.HAL_PCD_EP_Transmit
                0x080037ac       0xa2 Drivers/STM32L4xx_HAL_Driver/Src/stm32l4xx_hal_pcd.o
                0x080037ac                HAL_PCD_EP_Transmit
 .text.HAL_PCD_EP_SetStall
                0x0800384e       0xb2 Drivers/STM32L4xx_HAL_Driver/Src/stm32l4xx_hal_pcd.o
                0x0800384e                HAL_PCD_EP_SetStall
 .text.HAL_PCD_EP_ClrStall
                0x08003900       0x92 Drivers/STM32L4xx_HAL_Driver/Src/stm32l4xx_hal_pcd.o
                0x08003900                HAL_PCD_EP_ClrStall
 *fill*         0x08003992        0x2 
 .text.PCD_EP_ISR_Handler
                0x08003994      0x630 Drivers/STM32L4xx_HAL_Driver/Src/stm32l4xx_hal_pcd.o
 .text.HAL_PWREx_GetVoltageRange
                0x08003fc4       0x1c Drivers/STM32L4xx_HAL_Driver/Src/stm32l4xx_hal_pwr_ex.o
                0x08003fc4                HAL_PWREx_GetVoltageRange
 .text.HAL_PWREx_ControlVoltageScaling
                0x08003fe0       0xac Drivers/STM32L4xx_HAL_Driver/Src/stm32l4xx_hal_pwr_ex.o
                0x08003fe0                HAL_PWREx_ControlVoltageScaling
 .text.HAL_PWREx_EnterSTOP2Mode
                0x0800408c       0x58 Drivers/STM32L4xx_HAL_Driver/Src/stm32l4xx_hal_pwr_ex.o
                0x0800408c                HAL_PWREx_EnterSTOP2Mode
 .text.HAL_RCC_OscConfig
                0x080040e4      0x784 Drivers/STM32L4xx_HAL_Driver/Src/stm32l4xx_hal_rcc.o
                0x080040e4                HAL_RCC_OscConfig
 .text.HAL_RCC_ClockConfig
                0x08004868      0x244 Drivers/STM32L4xx_HAL_Driver/Src/stm32l4xx_hal_rcc.o
                0x08004868                HAL_RCC_ClockConfig
 .text.HAL_RCC_GetSysClockFreq
                0x08004aac      0x1f4 Drivers/STM32L4xx_HAL_Driver/Src/stm32l4xx_hal_rcc.o
                0x08004aac                HAL_RCC_GetSysClockFreq
 .text.HAL_RCC_GetHCLKFreq
                0x08004ca0       0x18 Drivers/STM32L4xx_HAL_Driver/Src/stm32l4xx_hal_rcc.o
                0x08004ca0                HAL_RCC_GetHCLKFreq
 .text.RCC_SetFlashLatencyFromMSIRange
                0x08004cb8       0xc4 Drivers/STM32L4xx_HAL_Driver/Src/stm32l4xx_hal_rcc.o
 .text.HAL_RCCEx_PeriphCLKConfig
                0x08004d7c      0x48c Drivers/STM32L4xx_HAL_Driver/Src/stm32l4xx_hal_rcc_ex.o
                0x08004d7c                HAL_RCCEx_PeriphCLKConfig
 .text.HAL_RCCEx_CRSConfig
                0x08005208       0xb4 Drivers/STM32L4xx_HAL_Driver/Src/stm32l4xx_hal_rcc_ex.o
                0x08005208                HAL_RCCEx_CRSConfig
 .text.RCCEx_PLLSAI1_Config
                0x080052bc      0x2a8 Drivers/STM32L4xx_HAL_Driver/Src/stm32l4xx_hal_rcc_ex.o
 .text.HAL_SPI_Init
                0x08005564      0x110 Drivers/STM32L4xx_HAL_Driver/Src/stm32l4xx_hal_spi.o
                0x08005564                HAL_SPI_Init
 .text.HAL_SPI_Transmit
                0x08005674      0x2ac Drivers/STM32L4xx_HAL_Driver/Src/stm32l4xx_hal_spi.o
                0x08005674                HAL_SPI_Transmit
 .text.HAL_SPI_TransmitReceive
                0x08005920      0x3fe Drivers/STM32L4xx_HAL_Driver/Src/stm32l4xx_hal_spi.o
                0x08005920                HAL_SPI_TransmitReceive
 *fill*         0x08005d1e        0x2 
 .text.HAL_SPI_Transmit_DMA
                0x08005d20      0x1b8 Drivers/STM32L4xx_HAL_Driver/Src/stm32l4xx_hal_spi.o
                0x08005d20                HAL_SPI_Transmit_DMA
 .text.HAL_SPI_TxHalfCpltCallback
                0x08005ed8       0x14 Drivers/STM32L4xx_HAL_Driver/Src/stm32l4xx_hal_spi.o
                0x08005ed8                HAL_SPI_TxHalfCpltCallback
 .text.HAL_SPI_ErrorCallback
                0x08005eec       0x14 Drivers/STM32L4xx_HAL_Driver/Src/stm32l4xx_hal_spi.o
                0x08005eec                HAL_SPI_ErrorCallback
 .text.SPI_DMATransmitCplt
                0x08005f00       0xaa Drivers/STM32L4xx_HAL_Driver/Src/stm32l4xx_hal_spi.o
 .text.SPI_DMAHalfTransmitCplt
                0x08005faa       0x1c Drivers/STM32L4xx_HAL_Driver/Src/stm32l4xx_hal_spi.o
 .text.SPI_DMAError
                0x08005fc6       0x40 Drivers/STM32L4xx_HAL_Driver/Src/stm32l4xx_hal_spi.o
 .text.SPI_WaitFlagStateUntilTimeout
                0x08006006       0xd2 Drivers/STM32L4xx_HAL_Driver/Src/stm32l4xx_hal_spi.o
 .text.SPI_WaitFifoStateUntilTimeout
                0x080060d8       0xe2 Drivers/STM32L4xx_HAL_Driver/Src/stm32l4xx_hal_spi.o
 .text.SPI_EndRxTxTransaction
                0x080061ba       0x64 Drivers/STM32L4xx_HAL_Driver/Src/stm32l4xx_hal_spi.o
 .text.HAL_SPIEx_FlushRxFifo
                0x0800621e       0x44 Drivers/STM32L4xx_HAL_Driver/Src/stm32l4xx_hal_spi_ex.o
                0x0800621e                HAL_SPIEx_FlushRxFifo
 .text.HAL_TIM_Base_Init
                0x08006262       0x56 Drivers/STM32L4xx_HAL_Driver/Src/stm32l4xx_hal_tim.o
                0x08006262                HAL_TIM_Base_Init
 .text.HAL_TIM_Base_Start_IT
                0x080062b8       0x36 Drivers/STM32L4xx_HAL_Driver/Src/stm32l4xx_hal_tim.o
                0x080062b8                HAL_TIM_Base_Start_IT
 .text.HAL_TIM_PWM_Init
                0x080062ee       0x56 Drivers/STM32L4xx_HAL_Driver/Src/stm32l4xx_hal_tim.o
                0x080062ee                HAL_TIM_PWM_Init
 .text.HAL_TIM_PWM_MspInit
                0x08006344       0x14 Drivers/STM32L4xx_HAL_Driver/Src/stm32l4xx_hal_tim.o
                0x08006344                HAL_TIM_PWM_MspInit
 .text.HAL_TIM_IRQHandler
                0x08006358      0x210 Drivers/STM32L4xx_HAL_Driver/Src/stm32l4xx_hal_tim.o
                0x08006358                HAL_TIM_IRQHandler
 .text.HAL_TIM_PWM_ConfigChannel
                0x08006568      0x230 Drivers/STM32L4xx_HAL_Driver/Src/stm32l4xx_hal_tim.o
                0x08006568                HAL_TIM_PWM_ConfigChannel
 .text.HAL_TIM_ConfigClockSource
                0x08006798      0x1c4 Drivers/STM32L4xx_HAL_Driver/Src/stm32l4xx_hal_tim.o
                0x08006798                HAL_TIM_ConfigClockSource
 .text.HAL_TIM_OC_DelayElapsedCallback
                0x0800695c       0x14 Drivers/STM32L4xx_HAL_Driver/Src/stm32l4xx_hal_tim.o
                0x0800695c                HAL_TIM_OC_DelayElapsedCallback
 .text.HAL_TIM_IC_CaptureCallback
                0x08006970       0x14 Drivers/STM32L4xx_HAL_Driver/Src/stm32l4xx_hal_tim.o
                0x08006970                HAL_TIM_IC_CaptureCallback
 .text.HAL_TIM_PWM_PulseFinishedCallback
                0x08006984       0x14 Drivers/STM32L4xx_HAL_Driver/Src/stm32l4xx_hal_tim.o
                0x08006984                HAL_TIM_PWM_PulseFinishedCallback
 .text.HAL_TIM_TriggerCallback
                0x08006998       0x14 Drivers/STM32L4xx_HAL_Driver/Src/stm32l4xx_hal_tim.o
                0x08006998                HAL_TIM_TriggerCallback
 .text.TIM_Base_SetConfig
                0x080069ac       0xbc Drivers/STM32L4xx_HAL_Driver/Src/stm32l4xx_hal_tim.o
                0x080069ac                TIM_Base_SetConfig
 .text.TIM_OC1_SetConfig
                0x08006a68      0x104 Drivers/STM32L4xx_HAL_Driver/Src/stm32l4xx_hal_tim.o
 .text.TIM_OC2_SetConfig
                0x08006b6c      0x100 Drivers/STM32L4xx_HAL_Driver/Src/stm32l4xx_hal_tim.o
                0x08006b6c                TIM_OC2_SetConfig
 .text.TIM_OC3_SetConfig
                0x08006c6c       0xfc Drivers/STM32L4xx_HAL_Driver/Src/stm32l4xx_hal_tim.o
 .text.TIM_OC4_SetConfig
                0x08006d68       0xc8 Drivers/STM32L4xx_HAL_Driver/Src/stm32l4xx_hal_tim.o
 .text.TIM_OC5_SetConfig
                0x08006e30       0xbc Drivers/STM32L4xx_HAL_Driver/Src/stm32l4xx_hal_tim.o
 .text.TIM_OC6_SetConfig
                0x08006eec       0xc0 Drivers/STM32L4xx_HAL_Driver/Src/stm32l4xx_hal_tim.o
 .text.TIM_TI1_ConfigInputStage
                0x08006fac       0x66 Drivers/STM32L4xx_HAL_Driver/Src/stm32l4xx_hal_tim.o
 .text.TIM_TI2_ConfigInputStage
                0x08007012       0x68 Drivers/STM32L4xx_HAL_Driver/Src/stm32l4xx_hal_tim.o
 .text.TIM_ITRx_SetConfig
                0x0800707a       0x40 Drivers/STM32L4xx_HAL_Driver/Src/stm32l4xx_hal_tim.o
 .text.TIM_ETR_SetConfig
                0x080070ba       0x44 Drivers/STM32L4xx_HAL_Driver/Src/stm32l4xx_hal_tim.o
                0x080070ba                TIM_ETR_SetConfig
 *fill*         0x080070fe        0x2 
 .text.HAL_TIMEx_MasterConfigSynchronization
                0x08007100       0x9c Drivers/STM32L4xx_HAL_Driver/Src/stm32l4xx_hal_tim_ex.o
                0x08007100                HAL_TIMEx_MasterConfigSynchronization
 .text.HAL_TIMEx_CommutationCallback
                0x0800719c       0x14 Drivers/STM32L4xx_HAL_Driver/Src/stm32l4xx_hal_tim_ex.o
                0x0800719c                HAL_TIMEx_CommutationCallback
 .text.HAL_TIMEx_BreakCallback
                0x080071b0       0x14 Drivers/STM32L4xx_HAL_Driver/Src/stm32l4xx_hal_tim_ex.o
                0x080071b0                HAL_TIMEx_BreakCallback
 .text.USB_ActivateEndpoint
                0x080071c4      0x5c4 Drivers/STM32L4xx_HAL_Driver/Src/stm32l4xx_ll_usb.o
                0x080071c4                USB_ActivateEndpoint
 .text.USB_EPStartXfer
                0x08007788      0x440 Drivers/STM32L4xx_HAL_Driver/Src/stm32l4xx_ll_usb.o
                0x08007788                USB_EPStartXfer
 .text.USB_EPSetStall
                0x08007bc8       0xc0 Drivers/STM32L4xx_HAL_Driver/Src/stm32l4xx_ll_usb.o
                0x08007bc8                USB_EPSetStall
 .text.USB_EPClearStall
                0x08007c88      0x11c Drivers/STM32L4xx_HAL_Driver/Src/stm32l4xx_ll_usb.o
                0x08007c88                USB_EPClearStall
 .text.USB_SetDevAddress
                0x08007da4       0x28 Drivers/STM32L4xx_HAL_Driver/Src/stm32l4xx_ll_usb.o
                0x08007da4                USB_SetDevAddress
 .text.USB_ReadInterrupts
                0x08007dcc       0x24 Drivers/STM32L4xx_HAL_Driver/Src/stm32l4xx_ll_usb.o
                0x08007dcc                USB_ReadInterrupts
 .text.USB_EP0_OutStart
                0x08007df0       0x1c Drivers/STM32L4xx_HAL_Driver/Src/stm32l4xx_ll_usb.o
                0x08007df0                USB_EP0_OutStart
 .text.USB_WritePMA
                0x08007e0c       0x76 Drivers/STM32L4xx_HAL_Driver/Src/stm32l4xx_ll_usb.o
                0x08007e0c                USB_WritePMA
 .text.USB_ReadPMA
                0x08007e82       0x5e Drivers/STM32L4xx_HAL_Driver/Src/stm32l4xx_ll_usb.o
                0x08007e82                USB_ReadPMA
 .text.USBD_RunTestMode
                0x08007ee0       0x16 Middlewares/ST/STM32_USB_Device_Library/Core/Src/usbd_core.o
                0x08007ee0                USBD_RunTestMode
 .text.USBD_SetClassConfig
                0x08007ef6       0x3e Middlewares/ST/STM32_USB_Device_Library/Core/Src/usbd_core.o
                0x08007ef6                USBD_SetClassConfig
 .text.USBD_ClrClassConfig
                0x08007f34       0x26 Middlewares/ST/STM32_USB_Device_Library/Core/Src/usbd_core.o
                0x08007f34                USBD_ClrClassConfig
 .text.USBD_LL_SetupStage
                0x08007f5a       0x94 Middlewares/ST/STM32_USB_Device_Library/Core/Src/usbd_core.o
                0x08007f5a                USBD_LL_SetupStage
 .text.USBD_LL_DataOutStage
                0x08007fee       0xb6 Middlewares/ST/STM32_USB_Device_Library/Core/Src/usbd_core.o
                0x08007fee                USBD_LL_DataOutStage
 .text.USBD_LL_DataInStage
                0x080080a4      0x11e Middlewares/ST/STM32_USB_Device_Library/Core/Src/usbd_core.o
                0x080080a4                USBD_LL_DataInStage
 .text.USBD_LL_Reset
                0x080081c2       0x5e Middlewares/ST/STM32_USB_Device_Library/Core/Src/usbd_core.o
                0x080081c2                USBD_LL_Reset
 .text.USBD_LL_SetSpeed
                0x08008220       0x20 Middlewares/ST/STM32_USB_Device_Library/Core/Src/usbd_core.o
                0x08008220                USBD_LL_SetSpeed
 .text.USBD_LL_Suspend
                0x08008240       0x2a Middlewares/ST/STM32_USB_Device_Library/Core/Src/usbd_core.o
                0x08008240                USBD_LL_Suspend
 .text.USBD_LL_Resume
                0x0800826a       0x22 Middlewares/ST/STM32_USB_Device_Library/Core/Src/usbd_core.o
                0x0800826a                USBD_LL_Resume
 .text.USBD_LL_SOF
                0x0800828c       0x34 Middlewares/ST/STM32_USB_Device_Library/Core/Src/usbd_core.o
                0x0800828c                USBD_LL_SOF
 .text.USBD_StdDevReq
                0x080082c0       0xa0 Middlewares/ST/STM32_USB_Device_Library/Core/Src/usbd_ctlreq.o
                0x080082c0                USBD_StdDevReq
 .text.USBD_StdItfReq
                0x08008360       0x66 Middlewares/ST/STM32_USB_Device_Library/Core/Src/usbd_ctlreq.o
                0x08008360                USBD_StdItfReq
 .text.USBD_StdEPReq
                0x080083c6      0x1b0 Middlewares/ST/STM32_USB_Device_Library/Core/Src/usbd_ctlreq.o
                0x080083c6                USBD_StdEPReq
 *fill*         0x08008576        0x2 
 .text.USBD_GetDescriptor
                0x08008578      0x220 Middlewares/ST/STM32_USB_Device_Library/Core/Src/usbd_ctlreq.o
 .text.USBD_SetAddress
                0x08008798       0x7c Middlewares/ST/STM32_USB_Device_Library/Core/Src/usbd_ctlreq.o
 .text.USBD_SetConfig
                0x08008814      0x110 Middlewares/ST/STM32_USB_Device_Library/Core/Src/usbd_ctlreq.o
 .text.USBD_GetConfig
                0x08008924       0x64 Middlewares/ST/STM32_USB_Device_Library/Core/Src/usbd_ctlreq.o
 .text.USBD_GetStatus
                0x08008988       0x54 Middlewares/ST/STM32_USB_Device_Library/Core/Src/usbd_ctlreq.o
 .text.USBD_SetFeature
                0x080089dc       0x36 Middlewares/ST/STM32_USB_Device_Library/Core/Src/usbd_ctlreq.o
 .text.USBD_ClrFeature
                0x08008a12       0x50 Middlewares/ST/STM32_USB_Device_Library/Core/Src/usbd_ctlreq.o
 .text.USBD_ParseSetupRequest
                0x08008a62       0x7a Middlewares/ST/STM32_USB_Device_Library/Core/Src/usbd_ctlreq.o
                0x08008a62                USBD_ParseSetupRequest
 .text.USBD_CtlError
                0x08008adc       0x22 Middlewares/ST/STM32_USB_Device_Library/Core/Src/usbd_ctlreq.o
                0x08008adc                USBD_CtlError
 .text.USBD_CtlSendData
                0x08008afe       0x38 Middlewares/ST/STM32_USB_Device_Library/Core/Src/usbd_ioreq.o
                0x08008afe                USBD_CtlSendData
 .text.USBD_CtlContinueSendData
                0x08008b36       0x24 Middlewares/ST/STM32_USB_Device_Library/Core/Src/usbd_ioreq.o
                0x08008b36                USBD_CtlContinueSendData
 .text.USBD_CtlContinueRx
                0x08008b5a       0x24 Middlewares/ST/STM32_USB_Device_Library/Core/Src/usbd_ioreq.o
                0x08008b5a                USBD_CtlContinueRx
 .text.USBD_CtlSendStatus
                0x08008b7e       0x26 Middlewares/ST/STM32_USB_Device_Library/Core/Src/usbd_ioreq.o
                0x08008b7e                USBD_CtlSendStatus
 .text.USBD_CtlReceiveStatus
                0x08008ba4       0x26 Middlewares/ST/STM32_USB_Device_Library/Core/Src/usbd_ioreq.o
                0x08008ba4                USBD_CtlReceiveStatus
 *fill*         0x08008bca        0x2 
 .text.SH1106_init
                0x08008bcc       0x54 Src/SH1106.o
                0x08008bcc                SH1106_init
 .text.SH1106_command
                0x08008c20       0x40 Src/SH1106.o
                0x08008c20                SH1106_command
 .text.SH1106_write_frame
                0x08008c60       0x68 Src/SH1106.o
                0x08008c60                SH1106_write_frame
 .text.HAL_SPI_TxCpltCallback
                0x08008cc8       0x88 Src/SH1106.o
                0x08008cc8                HAL_SPI_TxCpltCallback
 .text.kx023_init
                0x08008d50       0x4e Src/kx023.o
                0x08008d50                kx023_init
 *fill*         0x08008d9e        0x2 
 .text.kx023_command
                0x08008da0       0x54 Src/kx023.o
                0x08008da0                kx023_command
 .text.kx023_read_reg
                0x08008df4       0x70 Src/kx023.o
                0x08008df4                kx023_read_reg
 .text.kx023_WUM_setup
                0x08008e64       0x48 Src/kx023.o
                0x08008e64                kx023_WUM_setup
 .text.kx023_TAP_setup
                0x08008eac       0x78 Src/kx023.o
                0x08008eac                kx023_TAP_setup
 .text.lcd_put_digit
                0x08008f24      0x1b8 Src/lcd.o
                0x08008f24                lcd_put_digit
 .text.lcd_update_time
                0x080090dc       0xf4 Src/lcd.o
                0x080090dc                lcd_update_time
 .text.lcd_write_menu_line
                0x080091d0       0xbc Src/lcd.o
                0x080091d0                lcd_write_menu_line
 .text.lcd_write_char
                0x0800928c       0x88 Src/lcd.o
                0x0800928c                lcd_write_char
 .text.lcd_write_float
                0x08009314      0x1bc Src/lcd.o
                0x08009314                lcd_write_float
 .text.lcd_menu_arrow
                0x080094d0       0x8c Src/lcd.o
                0x080094d0                lcd_menu_arrow
 .text.lcd_draw_sec_bar
                0x0800955c       0x80 Src/lcd.o
                0x0800955c                lcd_draw_sec_bar
 .text.lcd_put_time_str
                0x080095dc      0x24c Src/lcd.o
                0x080095dc                lcd_put_time_str
 .text.lcd_put_date_str
                0x08009828      0x37c Src/lcd.o
                0x08009828                lcd_put_date_str
 .text.lcd_put_date
                0x08009ba4       0x2c Src/lcd.o
                0x08009ba4                lcd_put_date
 .text.lcd_clear
                0x08009bd0       0x20 Src/lcd.o
                0x08009bd0                lcd_clear
 .text.m41t62_init
                0x08009bf0       0x68 Src/m41t62.o
                0x08009bf0                m41t62_init
 .text.m41t62_readall
                0x08009c58       0x4c Src/m41t62.o
                0x08009c58                m41t62_readall
 .text.m41t62_writeall
                0x08009ca4       0x30 Src/m41t62.o
                0x08009ca4                m41t62_writeall
 .text.m41t62_SQW
                0x08009cd4       0x78 Src/m41t62.o
                0x08009cd4                m41t62_SQW
 .text.m41t62_read_time
                0x08009d4c      0x1a8 Src/m41t62.o
                0x08009d4c                m41t62_read_time
 .text.m41t62_set_time
                0x08009ef4       0xc6 Src/m41t62.o
                0x08009ef4                m41t62_set_time
 *fill*         0x08009fba        0x6 
 .text.main     0x08009fc0      0x130 Src/main.o
                0x08009fc0                main
 .text.SystemClock_Config
                0x0800a0f0      0x120 Src/main.o
                0x0800a0f0                SystemClock_Config
 .text.MX_ADC1_Init
                0x0800a210       0xb4 Src/main.o
 .text.MX_I2C1_Init
                0x0800a2c4       0x6c Src/main.o
 .text.MX_SPI1_Init
                0x0800a330       0x7c Src/main.o
 .text.MX_SPI3_Init
                0x0800a3ac       0x7c Src/main.o
 .text.MX_TIM2_Init
                0x0800a428       0xbc Src/main.o
 .text.MX_TIM6_Init
                0x0800a4e4       0x70 Src/main.o
 .text.MX_TIM15_Init
                0x0800a554       0x84 Src/main.o
 .text.MX_DMA_Init
                0x0800a5d8       0x3c Src/main.o
 .text.MX_GPIO_Init
                0x0800a614      0x1ec Src/main.o
 .text.Error_Handler
                0x0800a800        0x6 Src/main.o
                0x0800a800                Error_Handler
 *fill*         0x0800a806        0x2 
 .text.go_into_stop2_mode
                0x0800a808       0xb8 Src/main.o
                0x0800a808                go_into_stop2_mode
 .text.show_menu
                0x0800a8c0       0x5a Src/menu.o
                0x0800a8c0                show_menu
 .text.menu_next
                0x0800a91a       0x5e Src/menu.o
                0x0800a91a                menu_next
 .text.menu_prev
                0x0800a978       0x5c Src/menu.o
                0x0800a978                menu_prev
 .text.menu_init
                0x0800a9d4       0x20 Src/menu.o
                0x0800a9d4                menu_init
 .text.show_main_screen
                0x0800a9f4       0x3a Src/menu.o
                0x0800a9f4                show_main_screen
 *fill*         0x0800aa2e        0x2 
 .text.show_dfu_message
                0x0800aa30       0x4c Src/menu.o
                0x0800aa30                show_dfu_message
 .text.show_status
                0x0800aa7c       0x58 Src/menu.o
                0x0800aa7c                show_status
 .text.menu_set_time
                0x0800aad4       0x2c Src/menu.o
                0x0800aad4                menu_set_time
 .text.menu_set_date
                0x0800ab00       0x2c Src/menu.o
                0x0800ab00                menu_set_date
 .text.menu_set_tilt
                0x0800ab2c       0x14 Src/menu.o
                0x0800ab2c                menu_set_tilt
 .text.menu_set_tap
                0x0800ab40       0x14 Src/menu.o
                0x0800ab40                menu_set_tap
 .text.menu_set_wum
                0x0800ab54       0x14 Src/menu.o
                0x0800ab54                menu_set_wum
 .text.menu_set_buf
                0x0800ab68       0x14 Src/menu.o
                0x0800ab68                menu_set_buf
 .text.HAL_MspInit
                0x0800ab7c       0x9c Src/stm32l4xx_hal_msp.o
                0x0800ab7c                HAL_MspInit
 .text.HAL_ADC_MspInit
                0x0800ac18       0x54 Src/stm32l4xx_hal_msp.o
                0x0800ac18                HAL_ADC_MspInit
 .text.HAL_ADC_MspDeInit
                0x0800ac6c       0x38 Src/stm32l4xx_hal_msp.o
                0x0800ac6c                HAL_ADC_MspDeInit
 .text.HAL_I2C_MspInit
                0x0800aca4       0x60 Src/stm32l4xx_hal_msp.o
                0x0800aca4                HAL_I2C_MspInit
 .text.HAL_I2C_MspDeInit
                0x0800ad04       0x3c Src/stm32l4xx_hal_msp.o
                0x0800ad04                HAL_I2C_MspDeInit
 .text.HAL_SPI_MspInit
                0x0800ad40      0x104 Src/stm32l4xx_hal_msp.o
                0x0800ad40                HAL_SPI_MspInit
 .text.HAL_TIM_Base_MspInit
                0x0800ae44       0x98 Src/stm32l4xx_hal_msp.o
                0x0800ae44                HAL_TIM_Base_MspInit
 .text.HAL_TIM_MspPostInit
                0x0800aedc       0x3c Src/stm32l4xx_hal_msp.o
                0x0800aedc                HAL_TIM_MspPostInit
 .text.NMI_Handler
                0x0800af18        0xe Src/stm32l4xx_it.o
                0x0800af18                NMI_Handler
 .text.HardFault_Handler
                0x0800af26        0x6 Src/stm32l4xx_it.o
                0x0800af26                HardFault_Handler
 .text.MemManage_Handler
                0x0800af2c        0x6 Src/stm32l4xx_it.o
                0x0800af2c                MemManage_Handler
 .text.BusFault_Handler
                0x0800af32        0x6 Src/stm32l4xx_it.o
                0x0800af32                BusFault_Handler
 .text.UsageFault_Handler
                0x0800af38        0x6 Src/stm32l4xx_it.o
                0x0800af38                UsageFault_Handler
 .text.SVC_Handler
                0x0800af3e        0xe Src/stm32l4xx_it.o
                0x0800af3e                SVC_Handler
 .text.DebugMon_Handler
                0x0800af4c        0xe Src/stm32l4xx_it.o
                0x0800af4c                DebugMon_Handler
 .text.PendSV_Handler
                0x0800af5a        0xe Src/stm32l4xx_it.o
                0x0800af5a                PendSV_Handler
 .text.SysTick_Handler
                0x0800af68       0x10 Src/stm32l4xx_it.o
                0x0800af68                SysTick_Handler
 .text.EXTI0_IRQHandler
                0x0800af78        0xe Src/stm32l4xx_it.o
                0x0800af78                EXTI0_IRQHandler
 .text.EXTI3_IRQHandler
                0x0800af86        0xe Src/stm32l4xx_it.o
                0x0800af86                EXTI3_IRQHandler
 .text.DMA1_Channel3_IRQHandler
                0x0800af94       0x14 Src/stm32l4xx_it.o
                0x0800af94                DMA1_Channel3_IRQHandler
 .text.EXTI9_5_IRQHandler
                0x0800afa8       0x24 Src/stm32l4xx_it.o
                0x0800afa8                EXTI9_5_IRQHandler
 .text.EXTI15_10_IRQHandler
                0x0800afcc       0x20 Src/stm32l4xx_it.o
                0x0800afcc                EXTI15_10_IRQHandler
 .text.TIM6_DAC_IRQHandler
                0x0800afec       0x14 Src/stm32l4xx_it.o
                0x0800afec                TIM6_DAC_IRQHandler
 .text.USB_IRQHandler
                0x0800b000       0x14 Src/stm32l4xx_it.o
                0x0800b000                USB_IRQHandler
 .text.SystemInit
                0x0800b014       0x6c Src/system_stm32l4xx.o
                0x0800b014                SystemInit
 .text.HAL_PCD_SetupStageCallback
                0x0800b080       0x24 Src/usbd_conf.o
                0x0800b080                HAL_PCD_SetupStageCallback
 .text.HAL_PCD_DataOutStageCallback
                0x0800b0a4       0x30 Src/usbd_conf.o
                0x0800b0a4                HAL_PCD_DataOutStageCallback
 .text.HAL_PCD_DataInStageCallback
                0x0800b0d4       0x2e Src/usbd_conf.o
                0x0800b0d4                HAL_PCD_DataInStageCallback
 .text.HAL_PCD_SOFCallback
                0x0800b102       0x1c Src/usbd_conf.o
                0x0800b102                HAL_PCD_SOFCallback
 .text.HAL_PCD_ResetCallback
                0x0800b11e       0x44 Src/usbd_conf.o
                0x0800b11e                HAL_PCD_ResetCallback
 *fill*         0x0800b162        0x2 
 .text.HAL_PCD_SuspendCallback
                0x0800b164       0x34 Src/usbd_conf.o
                0x0800b164                HAL_PCD_SuspendCallback
 .text.HAL_PCD_ResumeCallback
                0x0800b198       0x38 Src/usbd_conf.o
                0x0800b198                HAL_PCD_ResumeCallback
 .text.USBD_LL_OpenEP
                0x0800b1d0       0x7c Src/usbd_conf.o
                0x0800b1d0                USBD_LL_OpenEP
 .text.USBD_LL_StallEP
                0x0800b24c       0x6c Src/usbd_conf.o
                0x0800b24c                USBD_LL_StallEP
 .text.USBD_LL_ClearStallEP
                0x0800b2b8       0x6c Src/usbd_conf.o
                0x0800b2b8                USBD_LL_ClearStallEP
 .text.USBD_LL_IsStallEP
                0x0800b324       0x4c Src/usbd_conf.o
                0x0800b324                USBD_LL_IsStallEP
 .text.USBD_LL_SetUSBAddress
                0x0800b370       0x6c Src/usbd_conf.o
                0x0800b370                USBD_LL_SetUSBAddress
 .text.USBD_LL_Transmit
                0x0800b3dc       0x74 Src/usbd_conf.o
                0x0800b3dc                USBD_LL_Transmit
 .text.USBD_LL_PrepareReceive
                0x0800b450       0x74 Src/usbd_conf.o
                0x0800b450                USBD_LL_PrepareReceive
 .text.HAL_PCDEx_LPM_Callback
                0x0800b4c4       0x6c Src/usbd_conf.o
                0x0800b4c4                HAL_PCDEx_LPM_Callback
 .text.SystemClockConfig_Resume
                0x0800b530        0xc Src/usbd_conf.o
 .text.NVIC_SystemReset
                0x0800b53c       0x28 Src/wotch.o
 .text.wotch_init
                0x0800b564       0x94 Src/wotch.o
                0x0800b564                wotch_init
 .text.read_bat_voltage
                0x0800b5f8       0x50 Src/wotch.o
                0x0800b5f8                read_bat_voltage
 .text.manage_taps_and_tilts
                0x0800b648       0x14 Src/wotch.o
                0x0800b648                manage_taps_and_tilts
 .text.manage_buttons
                0x0800b65c      0x8f8 Src/wotch.o
                0x0800b65c                manage_buttons
 .text.run_tap_test
                0x0800bf54       0x22 Src/wotch.o
                0x0800bf54                run_tap_test
 .text.run_tilt_test
                0x0800bf76       0x14 Src/wotch.o
                0x0800bf76                run_tilt_test
 .text.stop_tap_test
                0x0800bf8a       0x1c Src/wotch.o
                0x0800bf8a                stop_tap_test
 *fill*         0x0800bfa6        0x2 
 .text.HAL_GPIO_EXTI_Callback
                0x0800bfa8       0x28 Src/wotch.o
                0x0800bfa8                HAL_GPIO_EXTI_Callback
 .text.HAL_TIM_PeriodElapsedCallback
                0x0800bfd0       0x14 Src/wotch.o
                0x0800bfd0                HAL_TIM_PeriodElapsedCallback
 .text.HAL_SYSTICK_Callback
                0x0800bfe4       0x20 Src/wotch.o
                0x0800bfe4                HAL_SYSTICK_Callback
 .text.__libc_init_array
                0x0800c004       0x48 c:/ac6/systemworkbench/plugins/fr.ac6.mcu.externaltools.arm-none.win32_1.15.0.201708311556/tools/compiler/bin/../lib/gcc/arm-none-eabi/6.3.1/../../../../arm-none-eabi/lib/thumb/v7e-m/fpv4-sp/hard\libc_nano.a(lib_a-init.o)
                0x0800c004                __libc_init_array
 .text.memset   0x0800c04c       0x10 c:/ac6/systemworkbench/plugins/fr.ac6.mcu.externaltools.arm-none.win32_1.15.0.201708311556/tools/compiler/bin/../lib/gcc/arm-none-eabi/6.3.1/../../../../arm-none-eabi/lib/thumb/v7e-m/fpv4-sp/hard\libc_nano.a(lib_a-memset.o)
                0x0800c04c                memset
 *(.glue_7)
 .glue_7        0x0800c05c        0x0 linker stubs
 *(.glue_7t)
 .glue_7t       0x0800c05c        0x0 linker stubs
 *(.eh_frame)
 .eh_frame      0x0800c05c        0x0 c:/ac6/systemworkbench/plugins/fr.ac6.mcu.externaltools.arm-none.win32_1.15.0.201708311556/tools/compiler/bin/../lib/gcc/arm-none-eabi/6.3.1/thumb/v7e-m/fpv4-sp/hard/crtbegin.o
 *(.init)
 .init          0x0800c05c        0x4 c:/ac6/systemworkbench/plugins/fr.ac6.mcu.externaltools.arm-none.win32_1.15.0.201708311556/tools/compiler/bin/../lib/gcc/arm-none-eabi/6.3.1/thumb/v7e-m/fpv4-sp/hard/crti.o
                0x0800c05c                _init
 .init          0x0800c060        0x8 c:/ac6/systemworkbench/plugins/fr.ac6.mcu.externaltools.arm-none.win32_1.15.0.201708311556/tools/compiler/bin/../lib/gcc/arm-none-eabi/6.3.1/thumb/v7e-m/fpv4-sp/hard/crtn.o
 *(.fini)
 .fini          0x0800c068        0x4 c:/ac6/systemworkbench/plugins/fr.ac6.mcu.externaltools.arm-none.win32_1.15.0.201708311556/tools/compiler/bin/../lib/gcc/arm-none-eabi/6.3.1/thumb/v7e-m/fpv4-sp/hard/crti.o
                0x0800c068                _fini
 .fini          0x0800c06c        0x8 c:/ac6/systemworkbench/plugins/fr.ac6.mcu.externaltools.arm-none.win32_1.15.0.201708311556/tools/compiler/bin/../lib/gcc/arm-none-eabi/6.3.1/thumb/v7e-m/fpv4-sp/hard/crtn.o
                0x0800c078                . = ALIGN (0x8)
 *fill*         0x0800c074        0x4 
                0x0800c078                _etext = .

.vfp11_veneer   0x0800c078        0x0
 .vfp11_veneer  0x0800c078        0x0 linker stubs

.v4_bx          0x0800c078        0x0
 .v4_bx         0x0800c078        0x0 linker stubs

.iplt           0x0800c078        0x0
 .iplt          0x0800c078        0x0 c:/ac6/systemworkbench/plugins/fr.ac6.mcu.externaltools.arm-none.win32_1.15.0.201708311556/tools/compiler/bin/../lib/gcc/arm-none-eabi/6.3.1/thumb/v7e-m/fpv4-sp/hard/crtbegin.o

.rodata         0x0800c078      0xc38
                0x0800c078                . = ALIGN (0x8)
 *(.rodata)
 .rodata        0x0800c078      0xbf0 Src/lcd.o
                0x0800c078                digits
                0x0800c510                digits_1
                0x0800ca88                font7x5
 .rodata        0x0800cc68       0x48 Src/system_stm32l4xx.o
                0x0800cc68                AHBPrescTable
                0x0800cc78                APBPrescTable
                0x0800cc80                MSIRangeTable
 *(.rodata*)
                0x0800ccb0                . = ALIGN (0x8)

.rel.dyn        0x0800ccb0        0x0
 .rel.iplt      0x0800ccb0        0x0 c:/ac6/systemworkbench/plugins/fr.ac6.mcu.externaltools.arm-none.win32_1.15.0.201708311556/tools/compiler/bin/../lib/gcc/arm-none-eabi/6.3.1/thumb/v7e-m/fpv4-sp/hard/crtbegin.o

.ARM.extab      0x0800ccb0        0x0
                0x0800ccb0                . = ALIGN (0x8)
 *(.ARM.extab* .gnu.linkonce.armextab.*)
                0x0800ccb0                . = ALIGN (0x8)

.ARM            0x0800ccb0        0x0
                0x0800ccb0                . = ALIGN (0x8)
                0x0800ccb0                __exidx_start = .
 *(.ARM.exidx*)
                0x0800ccb0                __exidx_end = .
                0x0800ccb0                . = ALIGN (0x8)

.preinit_array  0x0800ccb0        0x0
                0x0800ccb0                . = ALIGN (0x8)
                0x0800ccb0                PROVIDE (__preinit_array_start, .)
 *(.preinit_array*)
                0x0800ccb0                PROVIDE (__preinit_array_end, .)
                0x0800ccb0                . = ALIGN (0x8)

.init_array     0x0800ccb0        0x8
                0x0800ccb0                . = ALIGN (0x8)
                0x0800ccb0                PROVIDE (__init_array_start, .)
 *(SORT(.init_array.*))
 *(.init_array*)
 .init_array    0x0800ccb0        0x4 c:/ac6/systemworkbench/plugins/fr.ac6.mcu.externaltools.arm-none.win32_1.15.0.201708311556/tools/compiler/bin/../lib/gcc/arm-none-eabi/6.3.1/thumb/v7e-m/fpv4-sp/hard/crtbegin.o
                0x0800ccb4                PROVIDE (__init_array_end, .)
                0x0800ccb8                . = ALIGN (0x8)
 *fill*         0x0800ccb4        0x4 

.fini_array     0x0800ccb8        0x8
                0x0800ccb8                . = ALIGN (0x8)
                [!provide]                PROVIDE (__fini_array_start, .)
 *(SORT(.fini_array.*))
 *(.fini_array*)
 .fini_array    0x0800ccb8        0x4 c:/ac6/systemworkbench/plugins/fr.ac6.mcu.externaltools.arm-none.win32_1.15.0.201708311556/tools/compiler/bin/../lib/gcc/arm-none-eabi/6.3.1/thumb/v7e-m/fpv4-sp/hard/crtbegin.o
                [!provide]                PROVIDE (__fini_array_end, .)
                0x0800ccc0                . = ALIGN (0x8)
 *fill*         0x0800ccbc        0x4 
                0x0800ccc0                _sidata = LOADADDR (.data)

.data           0x20000000      0x418 load address 0x0800ccc0
                0x20000000                . = ALIGN (0x8)
                0x20000000                _sdata = .
 *(.data)
 .data          0x20000000       0x74 Src/lcd.o
                0x20000000                mon
                0x2000000c                tue
                0x20000018                wed
                0x20000024                thu
                0x20000030                fri
                0x2000003c                sat
                0x20000048                sun
                0x20000054                DAY_line
 .data          0x20000074       0x10 Src/m41t62.o
                0x20000074                m41_regs
 .data          0x20000084      0x38b Src/menu.o
                0x20000084                main_menu
                0x200000b0                settings_menu
                0x200000dc                set_time_menu
                0x20000108                time_menu
                0x20000134                date_menu
                0x20000160                acc_set_menu
                0x2000018c                tilt_set_menu
                0x200001b8                tap_set_menu
                0x200001e4                wum_set_menu
                0x20000210                buf_set_menu
                0x2000023c                dfu_menu
                0x20000268                apps_menu
                0x20000294                accel_tap_test
                0x200002c0                accel_tilt_test
                0x200002ec                status_menu
                0x20000318                main_line
                0x20000320                set_line
                0x2000032c                set_time_line
                0x20000338                time_line
                0x20000340                date_line
                0x20000348                acc_settings_line
                0x20000358                acc_tilt_line
                0x20000368                acc_tap_line
                0x20000378                acc_wum_line
                0x20000390                acc_buf_line
                0x200003a4                apps_line
                0x200003ac                accel_tap_test_line
                0x200003c0                accel_tilt_test_line
                0x200003d4                DFU_line
                0x200003e8                DFU_msg
                0x200003fc                STATUS_line
                0x20000404                BAT_msg
 *fill*         0x2000040f        0x1 
 .data          0x20000410        0x4 Src/system_stm32l4xx.o
                0x20000410                SystemCoreClock
 *(.data*)
                0x20000418                . = ALIGN (0x8)
 *fill*         0x20000414        0x4 
                0x20000418                _edata = .

.jcr            0x20000418        0x0 load address 0x0800d0d8
 .jcr           0x20000418        0x0 c:/ac6/systemworkbench/plugins/fr.ac6.mcu.externaltools.arm-none.win32_1.15.0.201708311556/tools/compiler/bin/../lib/gcc/arm-none-eabi/6.3.1/thumb/v7e-m/fpv4-sp/hard/crtbegin.o

.igot.plt       0x20000418        0x0 load address 0x0800d0d8
 .igot.plt      0x20000418        0x0 c:/ac6/systemworkbench/plugins/fr.ac6.mcu.externaltools.arm-none.win32_1.15.0.201708311556/tools/compiler/bin/../lib/gcc/arm-none-eabi/6.3.1/thumb/v7e-m/fpv4-sp/hard/crtbegin.o
                0x20000418                . = ALIGN (0x8)

.bss            0x20000418      0xb28 load address 0x0800d0d8
                0x20000418                _sbss = .
                0x20000418                __bss_start__ = _sbss
 *(.bss)
 .bss           0x20000418       0x1c c:/ac6/systemworkbench/plugins/fr.ac6.mcu.externaltools.arm-none.win32_1.15.0.201708311556/tools/compiler/bin/../lib/gcc/arm-none-eabi/6.3.1/thumb/v7e-m/fpv4-sp/hard/crtbegin.o
 .bss           0x20000434        0x1 Middlewares/ST/STM32_USB_Device_Library/Core/Src/usbd_ctlreq.o
 *(.bss*)
 *(COMMON)
 *fill*         0x20000435        0x3 
 COMMON         0x20000438        0x4 Drivers/STM32L4xx_HAL_Driver/Src/stm32l4xx_hal.o
                0x20000438                uwTick
 COMMON         0x2000043c        0x1 Src/SH1106.o
                0x2000043c                lcd_page
 *fill*         0x2000043d        0x3 
 COMMON         0x20000440      0x6c6 Src/main.o
                0x20000440                hi2c1
                0x2000048c                htim15
                0x200004c8                hspi3
                0x2000052c                hadc1
                0x20000594                htim6
                0x200005d0                hspi1
                0x20000634                htim2
                0x20000670                wotch1
                0x20000abc                hdma_spi1_tx
                0x20000b04                adc_tmp1
 *fill*         0x20000b06        0x2 
 COMMON         0x20000b08      0x434 Src/usbd_conf.o
                0x20000b08                hpcd_USB_FS
                0x20000f40                . = ALIGN (0x8)
 *fill*         0x20000f3c        0x4 
                0x20000f40                _ebss = .
                0x20000f40                __bss_end__ = _ebss

._user_heap_stack
                0x20000f40      0x800 load address 0x0800d0d8
                0x20000f40                . = ALIGN (0x8)
                [!provide]                PROVIDE (end, .)
                [!provide]                PROVIDE (_end, .)
                0x20001340                . = (. + _Min_Heap_Size)
 *fill*         0x20000f40      0x400 
                0x20001740                . = (. + _Min_Stack_Size)
 *fill*         0x20001340      0x400 
                0x20001740                . = ALIGN (0x8)

/DISCARD/
 libc.a(*)
 libm.a(*)
 libgcc.a(*)

.ARM.attributes
                0x00000000       0x30
 *(.ARM.attributes)
 .ARM.attributes
                0x00000000       0x22 c:/ac6/systemworkbench/plugins/fr.ac6.mcu.externaltools.arm-none.win32_1.15.0.201708311556/tools/compiler/bin/../lib/gcc/arm-none-eabi/6.3.1/thumb/v7e-m/fpv4-sp/hard/crti.o
 .ARM.attributes
                0x00000022       0x34 c:/ac6/systemworkbench/plugins/fr.ac6.mcu.externaltools.arm-none.win32_1.15.0.201708311556/tools/compiler/bin/../lib/gcc/arm-none-eabi/6.3.1/thumb/v7e-m/fpv4-sp/hard/crtbegin.o
 .ARM.attributes
                0x00000056       0x21 Drivers/CMSIS/Device/ST/STM32L4xx/Source/Templates/gcc/startup_stm32l433xx.o
 .ARM.attributes
                0x00000077       0x39 Drivers/STM32L4xx_HAL_Driver/Src/stm32l4xx_hal.o
 .ARM.attributes
                0x000000b0       0x39 Drivers/STM32L4xx_HAL_Driver/Src/stm32l4xx_hal_adc.o
 .ARM.attributes
                0x000000e9       0x39 Drivers/STM32L4xx_HAL_Driver/Src/stm32l4xx_hal_adc_ex.o
 .ARM.attributes
                0x00000122       0x39 Drivers/STM32L4xx_HAL_Driver/Src/stm32l4xx_hal_cortex.o
 .ARM.attributes
                0x0000015b       0x39 Drivers/STM32L4xx_HAL_Driver/Src/stm32l4xx_hal_dma.o
 .ARM.attributes
                0x00000194       0x39 Drivers/STM32L4xx_HAL_Driver/Src/stm32l4xx_hal_gpio.o
 .ARM.attributes
                0x000001cd       0x39 Drivers/STM32L4xx_HAL_Driver/Src/stm32l4xx_hal_i2c.o
 .ARM.attributes
                0x00000206       0x39 Drivers/STM32L4xx_HAL_Driver/Src/stm32l4xx_hal_i2c_ex.o
 .ARM.attributes
                0x0000023f       0x39 Drivers/STM32L4xx_HAL_Driver/Src/stm32l4xx_hal_pcd.o
 .ARM.attributes
                0x00000278       0x39 Drivers/STM32L4xx_HAL_Driver/Src/stm32l4xx_hal_pwr_ex.o
 .ARM.attributes
                0x000002b1       0x39 Drivers/STM32L4xx_HAL_Driver/Src/stm32l4xx_hal_rcc.o
 .ARM.attributes
                0x000002ea       0x39 Drivers/STM32L4xx_HAL_Driver/Src/stm32l4xx_hal_rcc_ex.o
 .ARM.attributes
                0x00000323       0x39 Drivers/STM32L4xx_HAL_Driver/Src/stm32l4xx_hal_spi.o
 .ARM.attributes
                0x0000035c       0x39 Drivers/STM32L4xx_HAL_Driver/Src/stm32l4xx_hal_spi_ex.o
 .ARM.attributes
                0x00000395       0x39 Drivers/STM32L4xx_HAL_Driver/Src/stm32l4xx_hal_tim.o
 .ARM.attributes
                0x000003ce       0x39 Drivers/STM32L4xx_HAL_Driver/Src/stm32l4xx_hal_tim_ex.o
 .ARM.attributes
                0x00000407       0x39 Drivers/STM32L4xx_HAL_Driver/Src/stm32l4xx_ll_usb.o
 .ARM.attributes
                0x00000440       0x39 Middlewares/ST/STM32_USB_Device_Library/Core/Src/usbd_core.o
 .ARM.attributes
                0x00000479       0x39 Middlewares/ST/STM32_USB_Device_Library/Core/Src/usbd_ctlreq.o
 .ARM.attributes
                0x000004b2       0x39 Middlewares/ST/STM32_USB_Device_Library/Core/Src/usbd_ioreq.o
 .ARM.attributes
                0x000004eb       0x39 Src/SH1106.o
 .ARM.attributes
                0x00000524       0x39 Src/kx023.o
 .ARM.attributes
                0x0000055d       0x39 Src/lcd.o
 .ARM.attributes
                0x00000596       0x39 Src/m41t62.o
 .ARM.attributes
                0x000005cf       0x39 Src/main.o
 .ARM.attributes
                0x00000608       0x39 Src/menu.o
 .ARM.attributes
                0x00000641       0x39 Src/stm32l4xx_hal_msp.o
 .ARM.attributes
                0x0000067a       0x39 Src/stm32l4xx_it.o
 .ARM.attributes
                0x000006b3       0x39 Src/system_stm32l4xx.o
 .ARM.attributes
                0x000006ec       0x39 Src/usbd_conf.o
 .ARM.attributes
                0x00000725       0x39 Src/wotch.o
 .ARM.attributes
                0x0000075e       0x22 c:/ac6/systemworkbench/plugins/fr.ac6.mcu.externaltools.arm-none.win32_1.15.0.201708311556/tools/compiler/bin/../lib/gcc/arm-none-eabi/6.3.1/thumb/v7e-m/fpv4-sp/hard\libgcc.a(_arm_addsubdf3.o)
 .ARM.attributes
                0x00000780       0x22 c:/ac6/systemworkbench/plugins/fr.ac6.mcu.externaltools.arm-none.win32_1.15.0.201708311556/tools/compiler/bin/../lib/gcc/arm-none-eabi/6.3.1/thumb/v7e-m/fpv4-sp/hard\libgcc.a(_arm_muldivdf3.o)
 .ARM.attributes
                0x000007a2       0x22 c:/ac6/systemworkbench/plugins/fr.ac6.mcu.externaltools.arm-none.win32_1.15.0.201708311556/tools/compiler/bin/../lib/gcc/arm-none-eabi/6.3.1/thumb/v7e-m/fpv4-sp/hard\libgcc.a(_arm_truncdfsf2.o)
 .ARM.attributes
                0x000007c4       0x34 c:/ac6/systemworkbench/plugins/fr.ac6.mcu.externaltools.arm-none.win32_1.15.0.201708311556/tools/compiler/bin/../lib/gcc/arm-none-eabi/6.3.1/../../../../arm-none-eabi/lib/thumb/v7e-m/fpv4-sp/hard\libc_nano.a(lib_a-init.o)
 .ARM.attributes
                0x000007f8       0x34 c:/ac6/systemworkbench/plugins/fr.ac6.mcu.externaltools.arm-none.win32_1.15.0.201708311556/tools/compiler/bin/../lib/gcc/arm-none-eabi/6.3.1/../../../../arm-none-eabi/lib/thumb/v7e-m/fpv4-sp/hard\libc_nano.a(lib_a-memset.o)
 .ARM.attributes
                0x0000082c       0x22 c:/ac6/systemworkbench/plugins/fr.ac6.mcu.externaltools.arm-none.win32_1.15.0.201708311556/tools/compiler/bin/../lib/gcc/arm-none-eabi/6.3.1/thumb/v7e-m/fpv4-sp/hard/crtn.o
OUTPUT(watch_short.elf elf32-littlearm)

.debug_line     0x00000000    0x17712
 .debug_line    0x00000000       0xae Drivers/CMSIS/Device/ST/STM32L4xx/Source/Templates/gcc/startup_stm32l433xx.o
 .debug_line    0x000000ae      0xa24 Drivers/STM32L4xx_HAL_Driver/Src/stm32l4xx_hal.o
 .debug_line    0x00000ad2     0x102b Drivers/STM32L4xx_HAL_Driver/Src/stm32l4xx_hal_adc.o
 .debug_line    0x00001afd      0xdf1 Drivers/STM32L4xx_HAL_Driver/Src/stm32l4xx_hal_adc_ex.o
 .debug_line    0x000028ee      0xad7 Drivers/STM32L4xx_HAL_Driver/Src/stm32l4xx_hal_cortex.o
 .debug_line    0x000033c5      0xa16 Drivers/STM32L4xx_HAL_Driver/Src/stm32l4xx_hal_dma.o
 .debug_line    0x00003ddb      0x994 Drivers/STM32L4xx_HAL_Driver/Src/stm32l4xx_hal_gpio.o
 .debug_line    0x0000476f     0x18a1 Drivers/STM32L4xx_HAL_Driver/Src/stm32l4xx_hal_i2c.o
 .debug_line    0x00006010      0x946 Drivers/STM32L4xx_HAL_Driver/Src/stm32l4xx_hal_i2c_ex.o
 .debug_line    0x00006956      0xcfa Drivers/STM32L4xx_HAL_Driver/Src/stm32l4xx_hal_pcd.o
 .debug_line    0x00007650      0xb4e Drivers/STM32L4xx_HAL_Driver/Src/stm32l4xx_hal_pwr_ex.o
 .debug_line    0x0000819e      0xc0a Drivers/STM32L4xx_HAL_Driver/Src/stm32l4xx_hal_rcc.o
 .debug_line    0x00008da8      0xfa2 Drivers/STM32L4xx_HAL_Driver/Src/stm32l4xx_hal_rcc_ex.o
 .debug_line    0x00009d4a     0x1253 Drivers/STM32L4xx_HAL_Driver/Src/stm32l4xx_hal_spi.o
 .debug_line    0x0000af9d      0x81d Drivers/STM32L4xx_HAL_Driver/Src/stm32l4xx_hal_spi_ex.o
 .debug_line    0x0000b7ba     0x19da Drivers/STM32L4xx_HAL_Driver/Src/stm32l4xx_hal_tim.o
 .debug_line    0x0000d194      0xe37 Drivers/STM32L4xx_HAL_Driver/Src/stm32l4xx_hal_tim_ex.o
 .debug_line    0x0000dfcb      0xc45 Drivers/STM32L4xx_HAL_Driver/Src/stm32l4xx_ll_usb.o
 .debug_line    0x0000ec10      0xad2 Middlewares/ST/STM32_USB_Device_Library/Core/Src/usbd_core.o
 .debug_line    0x0000f6e2      0xb2f Middlewares/ST/STM32_USB_Device_Library/Core/Src/usbd_ctlreq.o
 .debug_line    0x00010211      0x96d Middlewares/ST/STM32_USB_Device_Library/Core/Src/usbd_ioreq.o
 .debug_line    0x00010b7e      0x858 Src/SH1106.o
 .debug_line    0x000113d6      0x8e4 Src/kx023.o
 .debug_line    0x00011cba      0xbbf Src/lcd.o
 .debug_line    0x00012879      0x8d9 Src/m41t62.o
 .debug_line    0x00013152      0xb76 Src/main.o
 .debug_line    0x00013cc8      0x969 Src/menu.o
 .debug_line    0x00014631      0x900 Src/stm32l4xx_hal_msp.o
 .debug_line    0x00014f31      0x919 Src/stm32l4xx_it.o
 .debug_line    0x0001584a      0x827 Src/system_stm32l4xx.o
 .debug_line    0x00016071      0xc42 Src/usbd_conf.o
 .debug_line    0x00016cb3      0xa5f Src/wotch.o

.debug_info     0x00000000    0x2cd5d
 .debug_info    0x00000000       0x8f Drivers/CMSIS/Device/ST/STM32L4xx/Source/Templates/gcc/startup_stm32l433xx.o
 .debug_info    0x0000008f     0x11c7 Drivers/STM32L4xx_HAL_Driver/Src/stm32l4xx_hal.o
 .debug_info    0x00001256     0x1da2 Drivers/STM32L4xx_HAL_Driver/Src/stm32l4xx_hal_adc.o
 .debug_info    0x00002ff8     0x1ae9 Drivers/STM32L4xx_HAL_Driver/Src/stm32l4xx_hal_adc_ex.o
 .debug_info    0x00004ae1     0x154a Drivers/STM32L4xx_HAL_Driver/Src/stm32l4xx_hal_cortex.o
 .debug_info    0x0000602b      0xfdb Drivers/STM32L4xx_HAL_Driver/Src/stm32l4xx_hal_dma.o
 .debug_info    0x00007006     0x1087 Drivers/STM32L4xx_HAL_Driver/Src/stm32l4xx_hal_gpio.o
 .debug_info    0x0000808d     0x241c Drivers/STM32L4xx_HAL_Driver/Src/stm32l4xx_hal_i2c.o
 .debug_info    0x0000a4a9     0x125a Drivers/STM32L4xx_HAL_Driver/Src/stm32l4xx_hal_i2c_ex.o
 .debug_info    0x0000b703     0x1643 Drivers/STM32L4xx_HAL_Driver/Src/stm32l4xx_hal_pcd.o
 .debug_info    0x0000cd46     0x1226 Drivers/STM32L4xx_HAL_Driver/Src/stm32l4xx_hal_pwr_ex.o
 .debug_info    0x0000df6c     0x171c Drivers/STM32L4xx_HAL_Driver/Src/stm32l4xx_hal_rcc.o
 .debug_info    0x0000f688     0x1c8b Drivers/STM32L4xx_HAL_Driver/Src/stm32l4xx_hal_rcc_ex.o
 .debug_info    0x00011313     0x1d9b Drivers/STM32L4xx_HAL_Driver/Src/stm32l4xx_hal_spi.o
 .debug_info    0x000130ae      0xe9b Drivers/STM32L4xx_HAL_Driver/Src/stm32l4xx_hal_spi_ex.o
 .debug_info    0x00013f49     0x2b21 Drivers/STM32L4xx_HAL_Driver/Src/stm32l4xx_hal_tim.o
 .debug_info    0x00016a6a     0x19cf Drivers/STM32L4xx_HAL_Driver/Src/stm32l4xx_hal_tim_ex.o
 .debug_info    0x00018439     0x1714 Drivers/STM32L4xx_HAL_Driver/Src/stm32l4xx_ll_usb.o
 .debug_info    0x00019b4d     0x11af Middlewares/ST/STM32_USB_Device_Library/Core/Src/usbd_core.o
 .debug_info    0x0001acfc     0x1110 Middlewares/ST/STM32_USB_Device_Library/Core/Src/usbd_ctlreq.o
 .debug_info    0x0001be0c      0xf10 Middlewares/ST/STM32_USB_Device_Library/Core/Src/usbd_ioreq.o
 .debug_info    0x0001cd1c     0x11d3 Src/SH1106.o
 .debug_info    0x0001deef     0x10e9 Src/kx023.o
 .debug_info    0x0001efd8     0x1387 Src/lcd.o
 .debug_info    0x0002035f     0x12ab Src/m41t62.o
 .debug_info    0x0002160a     0x2c63 Src/main.o
 .debug_info    0x0002426d     0x10c6 Src/menu.o
 .debug_info    0x00025333     0x1eb8 Src/stm32l4xx_hal_msp.o
 .debug_info    0x000271eb     0x13f1 Src/stm32l4xx_it.o
 .debug_info    0x000285dc      0xdf0 Src/system_stm32l4xx.o
 .debug_info    0x000293cc     0x202f Src/usbd_conf.o
 .debug_info    0x0002b3fb     0x1962 Src/wotch.o

.debug_abbrev   0x00000000     0x536d
 .debug_abbrev  0x00000000       0x12 Drivers/CMSIS/Device/ST/STM32L4xx/Source/Templates/gcc/startup_stm32l433xx.o
 .debug_abbrev  0x00000012      0x2b5 Drivers/STM32L4xx_HAL_Driver/Src/stm32l4xx_hal.o
 .debug_abbrev  0x000002c7      0x2b9 Drivers/STM32L4xx_HAL_Driver/Src/stm32l4xx_hal_adc.o
 .debug_abbrev  0x00000580      0x304 Drivers/STM32L4xx_HAL_Driver/Src/stm32l4xx_hal_adc_ex.o
 .debug_abbrev  0x00000884      0x381 Drivers/STM32L4xx_HAL_Driver/Src/stm32l4xx_hal_cortex.o
 .debug_abbrev  0x00000c05      0x289 Drivers/STM32L4xx_HAL_Driver/Src/stm32l4xx_hal_dma.o
 .debug_abbrev  0x00000e8e      0x287 Drivers/STM32L4xx_HAL_Driver/Src/stm32l4xx_hal_gpio.o
 .debug_abbrev  0x00001115      0x2e0 Drivers/STM32L4xx_HAL_Driver/Src/stm32l4xx_hal_i2c.o
 .debug_abbrev  0x000013f5      0x255 Drivers/STM32L4xx_HAL_Driver/Src/stm32l4xx_hal_i2c_ex.o
 .debug_abbrev  0x0000164a      0x2f7 Drivers/STM32L4xx_HAL_Driver/Src/stm32l4xx_hal_pcd.o
 .debug_abbrev  0x00001941      0x2f1 Drivers/STM32L4xx_HAL_Driver/Src/stm32l4xx_hal_pwr_ex.o
 .debug_abbrev  0x00001c32      0x357 Drivers/STM32L4xx_HAL_Driver/Src/stm32l4xx_hal_rcc.o
 .debug_abbrev  0x00001f89      0x33b Drivers/STM32L4xx_HAL_Driver/Src/stm32l4xx_hal_rcc_ex.o
 .debug_abbrev  0x000022c4      0x2cf Drivers/STM32L4xx_HAL_Driver/Src/stm32l4xx_hal_spi.o
 .debug_abbrev  0x00002593      0x1fa Drivers/STM32L4xx_HAL_Driver/Src/stm32l4xx_hal_spi_ex.o
 .debug_abbrev  0x0000278d      0x2e6 Drivers/STM32L4xx_HAL_Driver/Src/stm32l4xx_hal_tim.o
 .debug_abbrev  0x00002a73      0x2c3 Drivers/STM32L4xx_HAL_Driver/Src/stm32l4xx_hal_tim_ex.o
 .debug_abbrev  0x00002d36      0x27c Drivers/STM32L4xx_HAL_Driver/Src/stm32l4xx_ll_usb.o
 .debug_abbrev  0x00002fb2      0x295 Middlewares/ST/STM32_USB_Device_Library/Core/Src/usbd_core.o
 .debug_abbrev  0x00003247      0x2c5 Middlewares/ST/STM32_USB_Device_Library/Core/Src/usbd_ctlreq.o
 .debug_abbrev  0x0000350c      0x205 Middlewares/ST/STM32_USB_Device_Library/Core/Src/usbd_ioreq.o
 .debug_abbrev  0x00003711      0x26c Src/SH1106.o
 .debug_abbrev  0x0000397d      0x27e Src/kx023.o
 .debug_abbrev  0x00003bfb      0x2dd Src/lcd.o
 .debug_abbrev  0x00003ed8      0x291 Src/m41t62.o
 .debug_abbrev  0x00004169      0x2ec Src/main.o
 .debug_abbrev  0x00004455      0x269 Src/menu.o
 .debug_abbrev  0x000046be      0x274 Src/stm32l4xx_hal_msp.o
 .debug_abbrev  0x00004932      0x224 Src/stm32l4xx_it.o
 .debug_abbrev  0x00004b56      0x226 Src/system_stm32l4xx.o
 .debug_abbrev  0x00004d7c      0x2fe Src/usbd_conf.o
 .debug_abbrev  0x0000507a      0x2f3 Src/wotch.o

.debug_aranges  0x00000000     0x19b8
 .debug_aranges
                0x00000000       0x28 Drivers/CMSIS/Device/ST/STM32L4xx/Source/Templates/gcc/startup_stm32l433xx.o
 .debug_aranges
                0x00000028      0x100 Drivers/STM32L4xx_HAL_Driver/Src/stm32l4xx_hal.o
 .debug_aranges
                0x00000128       0xf8 Drivers/STM32L4xx_HAL_Driver/Src/stm32l4xx_hal_adc.o
 .debug_aranges
                0x00000220       0xc8 Drivers/STM32L4xx_HAL_Driver/Src/stm32l4xx_hal_adc_ex.o
 .debug_aranges
                0x000002e8      0x108 Drivers/STM32L4xx_HAL_Driver/Src/stm32l4xx_hal_cortex.o
 .debug_aranges
                0x000003f0       0x80 Drivers/STM32L4xx_HAL_Driver/Src/stm32l4xx_hal_dma.o
 .debug_aranges
                0x00000470       0x58 Drivers/STM32L4xx_HAL_Driver/Src/stm32l4xx_hal_gpio.o
 .debug_aranges
                0x000004c8      0x260 Drivers/STM32L4xx_HAL_Driver/Src/stm32l4xx_hal_i2c.o
 .debug_aranges
                0x00000728       0x48 Drivers/STM32L4xx_HAL_Driver/Src/stm32l4xx_hal_i2c_ex.o
 .debug_aranges
                0x00000770      0x120 Drivers/STM32L4xx_HAL_Driver/Src/stm32l4xx_hal_pcd.o
 .debug_aranges
                0x00000890      0x120 Drivers/STM32L4xx_HAL_Driver/Src/stm32l4xx_hal_pwr_ex.o
 .debug_aranges
                0x000009b0       0x88 Drivers/STM32L4xx_HAL_Driver/Src/stm32l4xx_hal_rcc.o
 .debug_aranges
                0x00000a38       0xe8 Drivers/STM32L4xx_HAL_Driver/Src/stm32l4xx_hal_rcc_ex.o
 .debug_aranges
                0x00000b20      0x1d8 Drivers/STM32L4xx_HAL_Driver/Src/stm32l4xx_hal_spi.o
 .debug_aranges
                0x00000cf8       0x20 Drivers/STM32L4xx_HAL_Driver/Src/stm32l4xx_hal_spi_ex.o
 .debug_aranges
                0x00000d18      0x378 Drivers/STM32L4xx_HAL_Driver/Src/stm32l4xx_hal_tim.o
 .debug_aranges
                0x00001090      0x150 Drivers/STM32L4xx_HAL_Driver/Src/stm32l4xx_hal_tim_ex.o
 .debug_aranges
                0x000011e0      0x100 Drivers/STM32L4xx_HAL_Driver/Src/stm32l4xx_ll_usb.o
 .debug_aranges
                0x000012e0       0xb8 Middlewares/ST/STM32_USB_Device_Library/Core/Src/usbd_core.o
 .debug_aranges
                0x00001398       0x88 Middlewares/ST/STM32_USB_Device_Library/Core/Src/usbd_ctlreq.o
 .debug_aranges
                0x00001420       0x50 Middlewares/ST/STM32_USB_Device_Library/Core/Src/usbd_ioreq.o
 .debug_aranges
                0x00001470       0x38 Src/SH1106.o
 .debug_aranges
                0x000014a8       0x68 Src/kx023.o
 .debug_aranges
                0x00001510       0x80 Src/lcd.o
 .debug_aranges
                0x00001590       0x58 Src/m41t62.o
 .debug_aranges
                0x000015e8       0x80 Src/main.o
 .debug_aranges
                0x00001668       0x88 Src/menu.o
 .debug_aranges
                0x000016f0       0x68 Src/stm32l4xx_hal_msp.o
 .debug_aranges
                0x00001758       0x98 Src/stm32l4xx_it.o
 .debug_aranges
                0x000017f0       0x28 Src/system_stm32l4xx.o
 .debug_aranges
                0x00001818      0x128 Src/usbd_conf.o
 .debug_aranges
                0x00001940       0x78 Src/wotch.o

.debug_ranges   0x00000000     0x17c0
 .debug_ranges  0x00000000       0x20 Drivers/CMSIS/Device/ST/STM32L4xx/Source/Templates/gcc/startup_stm32l433xx.o
 .debug_ranges  0x00000020       0xf0 Drivers/STM32L4xx_HAL_Driver/Src/stm32l4xx_hal.o
 .debug_ranges  0x00000110       0xe8 Drivers/STM32L4xx_HAL_Driver/Src/stm32l4xx_hal_adc.o
 .debug_ranges  0x000001f8       0xb8 Drivers/STM32L4xx_HAL_Driver/Src/stm32l4xx_hal_adc_ex.o
 .debug_ranges  0x000002b0       0xf8 Drivers/STM32L4xx_HAL_Driver/Src/stm32l4xx_hal_cortex.o
 .debug_ranges  0x000003a8       0x70 Drivers/STM32L4xx_HAL_Driver/Src/stm32l4xx_hal_dma.o
 .debug_ranges  0x00000418       0x48 Drivers/STM32L4xx_HAL_Driver/Src/stm32l4xx_hal_gpio.o
 .debug_ranges  0x00000460      0x250 Drivers/STM32L4xx_HAL_Driver/Src/stm32l4xx_hal_i2c.o
 .debug_ranges  0x000006b0       0x38 Drivers/STM32L4xx_HAL_Driver/Src/stm32l4xx_hal_i2c_ex.o
 .debug_ranges  0x000006e8      0x110 Drivers/STM32L4xx_HAL_Driver/Src/stm32l4xx_hal_pcd.o
 .debug_ranges  0x000007f8      0x110 Drivers/STM32L4xx_HAL_Driver/Src/stm32l4xx_hal_pwr_ex.o
 .debug_ranges  0x00000908       0x78 Drivers/STM32L4xx_HAL_Driver/Src/stm32l4xx_hal_rcc.o
 .debug_ranges  0x00000980       0xd8 Drivers/STM32L4xx_HAL_Driver/Src/stm32l4xx_hal_rcc_ex.o
 .debug_ranges  0x00000a58      0x1c8 Drivers/STM32L4xx_HAL_Driver/Src/stm32l4xx_hal_spi.o
 .debug_ranges  0x00000c20       0x10 Drivers/STM32L4xx_HAL_Driver/Src/stm32l4xx_hal_spi_ex.o
 .debug_ranges  0x00000c30      0x368 Drivers/STM32L4xx_HAL_Driver/Src/stm32l4xx_hal_tim.o
 .debug_ranges  0x00000f98      0x140 Drivers/STM32L4xx_HAL_Driver/Src/stm32l4xx_hal_tim_ex.o
 .debug_ranges  0x000010d8       0xf0 Drivers/STM32L4xx_HAL_Driver/Src/stm32l4xx_ll_usb.o
 .debug_ranges  0x000011c8       0xa8 Middlewares/ST/STM32_USB_Device_Library/Core/Src/usbd_core.o
 .debug_ranges  0x00001270       0x78 Middlewares/ST/STM32_USB_Device_Library/Core/Src/usbd_ctlreq.o
 .debug_ranges  0x000012e8       0x40 Middlewares/ST/STM32_USB_Device_Library/Core/Src/usbd_ioreq.o
 .debug_ranges  0x00001328       0x28 Src/SH1106.o
 .debug_ranges  0x00001350       0x58 Src/kx023.o
 .debug_ranges  0x000013a8       0x70 Src/lcd.o
 .debug_ranges  0x00001418       0x48 Src/m41t62.o
 .debug_ranges  0x00001460       0x70 Src/main.o
 .debug_ranges  0x000014d0       0x78 Src/menu.o
 .debug_ranges  0x00001548       0x58 Src/stm32l4xx_hal_msp.o
 .debug_ranges  0x000015a0       0x88 Src/stm32l4xx_it.o
 .debug_ranges  0x00001628       0x18 Src/system_stm32l4xx.o
 .debug_ranges  0x00001640      0x118 Src/usbd_conf.o
 .debug_ranges  0x00001758       0x68 Src/wotch.o

.debug_macro    0x00000000    0x28033
 .debug_macro   0x00000000      0x3a6 Drivers/STM32L4xx_HAL_Driver/Src/stm32l4xx_hal.o
 .debug_macro   0x000003a6      0x8bc Drivers/STM32L4xx_HAL_Driver/Src/stm32l4xx_hal.o
 .debug_macro   0x00000c62       0xb8 Drivers/STM32L4xx_HAL_Driver/Src/stm32l4xx_hal.o
 .debug_macro   0x00000d1a       0x2e Drivers/STM32L4xx_HAL_Driver/Src/stm32l4xx_hal.o
 .debug_macro   0x00000d48       0x28 Drivers/STM32L4xx_HAL_Driver/Src/stm32l4xx_hal.o
 .debug_macro   0x00000d70       0x22 Drivers/STM32L4xx_HAL_Driver/Src/stm32l4xx_hal.o
 .debug_macro   0x00000d92       0x87 Drivers/STM32L4xx_HAL_Driver/Src/stm32l4xx_hal.o
 .debug_macro   0x00000e19       0x51 Drivers/STM32L4xx_HAL_Driver/Src/stm32l4xx_hal.o
 .debug_macro   0x00000e6a       0xef Drivers/STM32L4xx_HAL_Driver/Src/stm32l4xx_hal.o
 .debug_macro   0x00000f59       0x6a Drivers/STM32L4xx_HAL_Driver/Src/stm32l4xx_hal.o
 .debug_macro   0x00000fc3      0x1df Drivers/STM32L4xx_HAL_Driver/Src/stm32l4xx_hal.o
 .debug_macro   0x000011a2       0x35 Drivers/STM32L4xx_HAL_Driver/Src/stm32l4xx_hal.o
 .debug_macro   0x000011d7       0x50 Drivers/STM32L4xx_HAL_Driver/Src/stm32l4xx_hal.o
 .debug_macro   0x00001227      0xe66 Drivers/STM32L4xx_HAL_Driver/Src/stm32l4xx_hal.o
 .debug_macro   0x0000208d    0x160c7 Drivers/STM32L4xx_HAL_Driver/Src/stm32l4xx_hal.o
 .debug_macro   0x00018154       0x43 Drivers/STM32L4xx_HAL_Driver/Src/stm32l4xx_hal.o
 .debug_macro   0x00018197     0x359e Drivers/STM32L4xx_HAL_Driver/Src/stm32l4xx_hal.o
 .debug_macro   0x0001b735       0x58 Drivers/STM32L4xx_HAL_Driver/Src/stm32l4xx_hal.o
 .debug_macro   0x0001b78d       0x35 Drivers/STM32L4xx_HAL_Driver/Src/stm32l4xx_hal.o
 .debug_macro   0x0001b7c2       0x9c Drivers/STM32L4xx_HAL_Driver/Src/stm32l4xx_hal.o
 .debug_macro   0x0001b85e       0x16 Drivers/STM32L4xx_HAL_Driver/Src/stm32l4xx_hal.o
 .debug_macro   0x0001b874       0x97 Drivers/STM32L4xx_HAL_Driver/Src/stm32l4xx_hal.o
 .debug_macro   0x0001b90b      0x330 Drivers/STM32L4xx_HAL_Driver/Src/stm32l4xx_hal.o
 .debug_macro   0x0001bc3b       0xfd Drivers/STM32L4xx_HAL_Driver/Src/stm32l4xx_hal.o
 .debug_macro   0x0001bd38       0x10 Drivers/STM32L4xx_HAL_Driver/Src/stm32l4xx_hal.o
 .debug_macro   0x0001bd48       0x58 Drivers/STM32L4xx_HAL_Driver/Src/stm32l4xx_hal.o
 .debug_macro   0x0001bda0       0x1f Drivers/STM32L4xx_HAL_Driver/Src/stm32l4xx_hal.o
 .debug_macro   0x0001bdbf       0x43 Drivers/STM32L4xx_HAL_Driver/Src/stm32l4xx_hal.o
 .debug_macro   0x0001be02       0x20 Drivers/STM32L4xx_HAL_Driver/Src/stm32l4xx_hal.o
 .debug_macro   0x0001be22      0x187 Drivers/STM32L4xx_HAL_Driver/Src/stm32l4xx_hal.o
 .debug_macro   0x0001bfa9       0x10 Drivers/STM32L4xx_HAL_Driver/Src/stm32l4xx_hal.o
 .debug_macro   0x0001bfb9       0x1c Drivers/STM32L4xx_HAL_Driver/Src/stm32l4xx_hal.o
 .debug_macro   0x0001bfd5       0x52 Drivers/STM32L4xx_HAL_Driver/Src/stm32l4xx_hal.o
 .debug_macro   0x0001c027       0x40 Drivers/STM32L4xx_HAL_Driver/Src/stm32l4xx_hal.o
 .debug_macro   0x0001c067       0x10 Drivers/STM32L4xx_HAL_Driver/Src/stm32l4xx_hal.o
 .debug_macro   0x0001c077       0x40 Drivers/STM32L4xx_HAL_Driver/Src/stm32l4xx_hal.o
 .debug_macro   0x0001c0b7       0xd7 Drivers/STM32L4xx_HAL_Driver/Src/stm32l4xx_hal.o
 .debug_macro   0x0001c18e       0x16 Drivers/STM32L4xx_HAL_Driver/Src/stm32l4xx_hal.o
 .debug_macro   0x0001c1a4      0x18b Drivers/STM32L4xx_HAL_Driver/Src/stm32l4xx_hal.o
 .debug_macro   0x0001c32f       0x50 Drivers/STM32L4xx_HAL_Driver/Src/stm32l4xx_hal.o
 .debug_macro   0x0001c37f     0x137c Drivers/STM32L4xx_HAL_Driver/Src/stm32l4xx_hal.o
 .debug_macro   0x0001d6fb      0x5d6 Drivers/STM32L4xx_HAL_Driver/Src/stm32l4xx_hal.o
 .debug_macro   0x0001dcd1      0x148 Drivers/STM32L4xx_HAL_Driver/Src/stm32l4xx_hal.o
 .debug_macro   0x0001de19      0x118 Drivers/STM32L4xx_HAL_Driver/Src/stm32l4xx_hal.o
 .debug_macro   0x0001df31      0x25d Drivers/STM32L4xx_HAL_Driver/Src/stm32l4xx_hal.o
 .debug_macro   0x0001e18e      0x23a Drivers/STM32L4xx_HAL_Driver/Src/stm32l4xx_hal.o
 .debug_macro   0x0001e3c8      0x3f3 Drivers/STM32L4xx_HAL_Driver/Src/stm32l4xx_hal.o
 .debug_macro   0x0001e7bb      0x504 Drivers/STM32L4xx_HAL_Driver/Src/stm32l4xx_hal.o
 .debug_macro   0x0001ecbf      0x360 Drivers/STM32L4xx_HAL_Driver/Src/stm32l4xx_hal.o
 .debug_macro   0x0001f01f       0x10 Drivers/STM32L4xx_HAL_Driver/Src/stm32l4xx_hal.o
 .debug_macro   0x0001f02f       0xe4 Drivers/STM32L4xx_HAL_Driver/Src/stm32l4xx_hal.o
 .debug_macro   0x0001f113      0x202 Drivers/STM32L4xx_HAL_Driver/Src/stm32l4xx_hal.o
 .debug_macro   0x0001f315       0x61 Drivers/STM32L4xx_HAL_Driver/Src/stm32l4xx_hal.o
 .debug_macro   0x0001f376       0x90 Drivers/STM32L4xx_HAL_Driver/Src/stm32l4xx_hal.o
 .debug_macro   0x0001f406      0x126 Drivers/STM32L4xx_HAL_Driver/Src/stm32l4xx_hal.o
 .debug_macro   0x0001f52c      0x357 Drivers/STM32L4xx_HAL_Driver/Src/stm32l4xx_hal.o
 .debug_macro   0x0001f883      0x2e2 Drivers/STM32L4xx_HAL_Driver/Src/stm32l4xx_hal.o
 .debug_macro   0x0001fb65      0x9c6 Drivers/STM32L4xx_HAL_Driver/Src/stm32l4xx_hal.o
 .debug_macro   0x0002052b      0x12f Drivers/STM32L4xx_HAL_Driver/Src/stm32l4xx_hal.o
 .debug_macro   0x0002065a       0x50 Drivers/STM32L4xx_HAL_Driver/Src/stm32l4xx_hal.o
 .debug_macro   0x000206aa      0x265 Drivers/STM32L4xx_HAL_Driver/Src/stm32l4xx_hal.o
 .debug_macro   0x0002090f      0x2ca Drivers/STM32L4xx_HAL_Driver/Src/stm32l4xx_hal.o
 .debug_macro   0x00020bd9      0x391 Drivers/STM32L4xx_HAL_Driver/Src/stm32l4xx_hal_adc.o
 .debug_macro   0x00020f6a      0x36a Drivers/STM32L4xx_HAL_Driver/Src/stm32l4xx_hal_adc_ex.o
 .debug_macro   0x000212d4      0x358 Drivers/STM32L4xx_HAL_Driver/Src/stm32l4xx_hal_cortex.o
 .debug_macro   0x0002162c      0x358 Drivers/STM32L4xx_HAL_Driver/Src/stm32l4xx_hal_dma.o
 .debug_macro   0x00021984      0x397 Drivers/STM32L4xx_HAL_Driver/Src/stm32l4xx_hal_gpio.o
 .debug_macro   0x00021d1b      0x424 Drivers/STM32L4xx_HAL_Driver/Src/stm32l4xx_hal_i2c.o
 .debug_macro   0x0002213f      0x358 Drivers/STM32L4xx_HAL_Driver/Src/stm32l4xx_hal_i2c_ex.o
 .debug_macro   0x00022497      0x370 Drivers/STM32L4xx_HAL_Driver/Src/stm32l4xx_hal_pcd.o
 .debug_macro   0x00022807      0x37c Drivers/STM32L4xx_HAL_Driver/Src/stm32l4xx_hal_pwr_ex.o
 .debug_macro   0x00022b83      0x39a Drivers/STM32L4xx_HAL_Driver/Src/stm32l4xx_hal_rcc.o
 .debug_macro   0x00022f1d      0x38e Drivers/STM32L4xx_HAL_Driver/Src/stm32l4xx_hal_rcc_ex.o
 .debug_macro   0x000232ab      0x360 Drivers/STM32L4xx_HAL_Driver/Src/stm32l4xx_hal_spi.o
 .debug_macro   0x0002360b      0x35e Drivers/STM32L4xx_HAL_Driver/Src/stm32l4xx_hal_spi_ex.o
 .debug_macro   0x00023969      0x359 Drivers/STM32L4xx_HAL_Driver/Src/stm32l4xx_hal_tim.o
 .debug_macro   0x00023cc2      0x36a Drivers/STM32L4xx_HAL_Driver/Src/stm32l4xx_hal_tim_ex.o
 .debug_macro   0x0002402c      0x358 Drivers/STM32L4xx_HAL_Driver/Src/stm32l4xx_ll_usb.o
 .debug_macro   0x00024384      0x3e7 Middlewares/ST/STM32_USB_Device_Library/Core/Src/usbd_core.o
 .debug_macro   0x0002476b      0x1c9 Middlewares/ST/STM32_USB_Device_Library/Core/Src/usbd_core.o
 .debug_macro   0x00024934      0x3f1 Middlewares/ST/STM32_USB_Device_Library/Core/Src/usbd_ctlreq.o
 .debug_macro   0x00024d25      0x3ed Middlewares/ST/STM32_USB_Device_Library/Core/Src/usbd_ioreq.o
 .debug_macro   0x00025112      0x370 Src/SH1106.o
 .debug_macro   0x00025482       0xb2 Src/SH1106.o
 .debug_macro   0x00025534       0xb8 Src/SH1106.o
 .debug_macro   0x000255ec      0x388 Src/kx023.o
 .debug_macro   0x00025974      0x1b4 Src/kx023.o
 .debug_macro   0x00025b28      0x3ca Src/lcd.o
 .debug_macro   0x00025ef2       0xb8 Src/lcd.o
 .debug_macro   0x00025faa       0x10 Src/lcd.o
 .debug_macro   0x00025fba      0x3f0 Src/m41t62.o
 .debug_macro   0x000263aa       0xb8 Src/m41t62.o
 .debug_macro   0x00026462      0x489 Src/main.o
 .debug_macro   0x000268eb      0x1ba Src/main.o
 .debug_macro   0x00026aa5      0x3a7 Src/menu.o
 .debug_macro   0x00026e4c      0x358 Src/stm32l4xx_hal_msp.o
 .debug_macro   0x000271a4      0x362 Src/stm32l4xx_it.o
 .debug_macro   0x00027506      0x35f Src/system_stm32l4xx.o
 .debug_macro   0x00027865      0x40a Src/usbd_conf.o
 .debug_macro   0x00027c6f      0x3c4 Src/wotch.o

.debug_str      0x00000000    0xdae19
 .debug_str     0x00000000    0xd245d Drivers/STM32L4xx_HAL_Driver/Src/stm32l4xx_hal.o
                              0xd28e8 (size before relaxing)
 .debug_str     0x000d245d      0xa2b Drivers/STM32L4xx_HAL_Driver/Src/stm32l4xx_hal_adc.o
                              0xd28d0 (size before relaxing)
 .debug_str     0x000d2e88      0x5c2 Drivers/STM32L4xx_HAL_Driver/Src/stm32l4xx_hal_adc_ex.o
                              0xd280e (size before relaxing)
 .debug_str     0x000d344a      0x3b5 Drivers/STM32L4xx_HAL_Driver/Src/stm32l4xx_hal_cortex.o
                              0xd263e (size before relaxing)
 .debug_str     0x000d37ff      0x23b Drivers/STM32L4xx_HAL_Driver/Src/stm32l4xx_hal_dma.o
                              0xd217b (size before relaxing)
 .debug_str     0x000d3a3a      0x2fe Drivers/STM32L4xx_HAL_Driver/Src/stm32l4xx_hal_gpio.o
                              0xd21d7 (size before relaxing)
 .debug_str     0x000d3d38      0xfab Drivers/STM32L4xx_HAL_Driver/Src/stm32l4xx_hal_i2c.o
                              0xd2f5b (size before relaxing)
 .debug_str     0x000d4ce3       0xb8 Drivers/STM32L4xx_HAL_Driver/Src/stm32l4xx_hal_i2c_ex.o
                              0xd2446 (size before relaxing)
 .debug_str     0x000d4d9b      0x6e3 Drivers/STM32L4xx_HAL_Driver/Src/stm32l4xx_hal_pcd.o
                              0xd252b (size before relaxing)
 .debug_str     0x000d547e      0x42d Drivers/STM32L4xx_HAL_Driver/Src/stm32l4xx_hal_pwr_ex.o
                              0xd238b (size before relaxing)
 .debug_str     0x000d58ab      0x52d Drivers/STM32L4xx_HAL_Driver/Src/stm32l4xx_hal_rcc.o
                              0xd24c0 (size before relaxing)
 .debug_str     0x000d5dd8      0x6c9 Drivers/STM32L4xx_HAL_Driver/Src/stm32l4xx_hal_rcc_ex.o
                              0xd2731 (size before relaxing)
 .debug_str     0x000d64a1      0x6f8 Drivers/STM32L4xx_HAL_Driver/Src/stm32l4xx_hal_spi.o
                              0xd2695 (size before relaxing)
 .debug_str     0x000d6b99       0x4b Drivers/STM32L4xx_HAL_Driver/Src/stm32l4xx_hal_spi_ex.o
                              0xd2182 (size before relaxing)
 .debug_str     0x000d6be4      0xe8b Drivers/STM32L4xx_HAL_Driver/Src/stm32l4xx_hal_tim.o
                              0xd2ea4 (size before relaxing)
 .debug_str     0x000d7a6f      0x691 Drivers/STM32L4xx_HAL_Driver/Src/stm32l4xx_hal_tim_ex.o
                              0xd28d1 (size before relaxing)
 .debug_str     0x000d8100      0x2bd Drivers/STM32L4xx_HAL_Driver/Src/stm32l4xx_ll_usb.o
                              0xd2284 (size before relaxing)
 .debug_str     0x000d83bd      0xef4 Middlewares/ST/STM32_USB_Device_Library/Core/Src/usbd_core.o
                              0xd2cb9 (size before relaxing)
 .debug_str     0x000d92b1      0x134 Middlewares/ST/STM32_USB_Device_Library/Core/Src/usbd_ctlreq.o
                              0xd2c3f (size before relaxing)
 .debug_str     0x000d93e5       0xc9 Middlewares/ST/STM32_USB_Device_Library/Core/Src/usbd_ioreq.o
                              0xd2bc7 (size before relaxing)
 .debug_str     0x000d94ae      0x689 Src/SH1106.o
                              0xd27e8 (size before relaxing)
 .debug_str     0x000d9b37      0x48c Src/kx023.o
                              0xd25c5 (size before relaxing)
 .debug_str     0x000d9fc3      0x1ac Src/lcd.o
                              0xd2543 (size before relaxing)
 .debug_str     0x000da16f      0x1ae Src/m41t62.o
                              0xd2724 (size before relaxing)
 .debug_str     0x000da31d      0x4e2 Src/main.o
                              0xd5034 (size before relaxing)
 .debug_str     0x000da7ff      0x22f Src/menu.o
                              0xd2627 (size before relaxing)
 .debug_str     0x000daa2e       0x39 Src/stm32l4xx_hal_msp.o
                              0xd2ea6 (size before relaxing)
 .debug_str     0x000daa67      0x13b Src/stm32l4xx_it.o
                              0xd2568 (size before relaxing)
 .debug_str     0x000daba2       0x50 Src/system_stm32l4xx.o
                              0xd1f01 (size before relaxing)
 .debug_str     0x000dabf2      0x19f Src/usbd_conf.o
                              0xd3a15 (size before relaxing)
 .debug_str     0x000dad91       0x88 Src/wotch.o
                              0xd2fda (size before relaxing)

.comment        0x00000000       0x7f
 .comment       0x00000000       0x7f Drivers/STM32L4xx_HAL_Driver/Src/stm32l4xx_hal.o
                                 0x80 (size before relaxing)
 .comment       0x0000007f       0x80 Drivers/STM32L4xx_HAL_Driver/Src/stm32l4xx_hal_adc.o
 .comment       0x0000007f       0x80 Drivers/STM32L4xx_HAL_Driver/Src/stm32l4xx_hal_adc_ex.o
 .comment       0x0000007f       0x80 Drivers/STM32L4xx_HAL_Driver/Src/stm32l4xx_hal_cortex.o
 .comment       0x0000007f       0x80 Drivers/STM32L4xx_HAL_Driver/Src/stm32l4xx_hal_dma.o
 .comment       0x0000007f       0x80 Drivers/STM32L4xx_HAL_Driver/Src/stm32l4xx_hal_gpio.o
 .comment       0x0000007f       0x80 Drivers/STM32L4xx_HAL_Driver/Src/stm32l4xx_hal_i2c.o
 .comment       0x0000007f       0x80 Drivers/STM32L4xx_HAL_Driver/Src/stm32l4xx_hal_i2c_ex.o
 .comment       0x0000007f       0x80 Drivers/STM32L4xx_HAL_Driver/Src/stm32l4xx_hal_pcd.o
 .comment       0x0000007f       0x80 Drivers/STM32L4xx_HAL_Driver/Src/stm32l4xx_hal_pwr_ex.o
 .comment       0x0000007f       0x80 Drivers/STM32L4xx_HAL_Driver/Src/stm32l4xx_hal_rcc.o
 .comment       0x0000007f       0x80 Drivers/STM32L4xx_HAL_Driver/Src/stm32l4xx_hal_rcc_ex.o
 .comment       0x0000007f       0x80 Drivers/STM32L4xx_HAL_Driver/Src/stm32l4xx_hal_spi.o